[     577ms] [WARNING] document.domain mutation is ignored because the surrounding agent cluster is origin-keyed. @ https://appstoreconnect.apple.com/access/static/js/container.3633b935b1e147d7.js:1
[     719ms] [WARNING] Metrics config: No config provided via delegate or fetched via init(), using default/cached config values. @ https://appstoreconnect.apple.com/access/static/js/344.d09a59ff782b29d1.js:0
[    1830ms] [WARNING] <meta name="apple-mobile-web-app-capable" content="yes"> is deprecated. Please include <meta name="mobile-web-app-capable" content="yes"> @ https://appstoreconnect.apple.com/apps/6789913186/distribution:0
[    1831ms] [ERROR] Failed to load resource: net::ERR_FAILED @ https://gc.kis.v2.scr.kaspersky-labs.com/6FA032E5-C968-4736-ACD3-0A27EC38A7BE/A6426FFB-4836-49E0-A37A-932C5945128A/longpooling?get&nocache=1d477&tm=2026-07-17T18%3A07%3A30.811Z:0
[    1836ms] [ERROR] Failed to load resource: net::ERR_FAILED @ https://gc.kis.v2.scr.kaspersky-labs.com/6FA032E5-C968-4736-ACD3-0A27EC38A7BE/A6426FFB-4836-49E0-A37A-932C5945128A/longpooling?get&nocache=13ac0&tm=2026-07-17T18%3A07%3A30.820Z&second=true:0
[    4684ms] [WARNING] An array is needed to render meta tags @ https://appstoreconnect.apple.com/access/static/js/container.3633b935b1e147d7.js:1
[    4979ms] [WARNING] eventQueue overflow, deleting LRU events: size is: 101 which is over max size: 100 @ https://appstoreconnect.apple.com/access/static/js/container.3633b935b1e147d7.js:1
[    5055ms] [WARNING] eventQueue overflow, deleting LRU events: size is: 101 which is over max size: 100 @ https://appstoreconnect.apple.com/access/static/js/container.3633b935b1e147d7.js:1
[    5057ms] [WARNING] eventQueue overflow, deleting LRU events: size is: 101 which is over max size: 100 @ https://appstoreconnect.apple.com/access/static/js/container.3633b935b1e147d7.js:1
[    5204ms] [WARNING] eventQueue overflow, deleting LRU events: size is: 101 which is over max size: 100 @ https://appstoreconnect.apple.com/access/static/js/container.3633b935b1e147d7.js:1
[    5270ms] [WARNING] eventQueue overflow, deleting LRU events: size is: 101 which is over max size: 100 @ https://appstoreconnect.apple.com/access/static/js/container.3633b935b1e147d7.js:1
[   10360ms] [ERROR] Failed to load resource: the server responded with a status of 504 () @ https://appstoreconnect.apple.com/WebObjects/iTunesConnect.woa/ra/v1/providerCapabilities:0
[   10381ms] [WARNING] eventQueue overflow, deleting LRU events: size is: 101 which is over max size: 100 @ https://appstoreconnect.apple.com/access/static/js/container.3633b935b1e147d7.js:1
[   14310ms] [WARNING] Metrics config: No config provided via delegate or fetched via init(), using default/cached config values. @ https://appstoreconnect.apple.com/access/static/js/container.3633b935b1e147d7.js:1
[   14311ms] [ERROR] {appName: appstore, payload: Array(1), eventKit: logger, env: PROD} @ https://appstoreconnect.apple.com/access/static/js/container.3633b935b1e147d7.js:1
[   15633ms] [ERROR] Failed to load resource: the server responded with a status of 404 () @ https://appstoreconnect.apple.com/partials/app-store/js/date-fns-locale-de-index-js.da22cac8.js:0
[   20065ms] [WARNING] eventQueue overflow, deleting LRU events: size is: 101 which is over max size: 100 @ https://appstoreconnect.apple.com/access/static/js/container.3633b935b1e147d7.js:1
[   20066ms] [WARNING] eventQueue overflow, deleting LRU events: size is: 101 which is over max size: 100 @ https://appstoreconnect.apple.com/access/static/js/container.3633b935b1e147d7.js:1
[   20066ms] [WARNING] eventQueue overflow, deleting LRU events: size is: 101 which is over max size: 100 @ https://appstoreconnect.apple.com/access/static/js/container.3633b935b1e147d7.js:1
[   20067ms] [WARNING] eventQueue overflow, deleting LRU events: size is: 101 which is over max size: 100 @ https://appstoreconnect.apple.com/access/static/js/container.3633b935b1e147d7.js:1
[   20177ms] [WARNING] eventQueue overflow, deleting LRU events: size is: 101 which is over max size: 100 @ https://appstoreconnect.apple.com/access/static/js/container.3633b935b1e147d7.js:1
[   20177ms] [WARNING] eventQueue overflow, deleting LRU events: size is: 101 which is over max size: 100 @ https://appstoreconnect.apple.com/access/static/js/container.3633b935b1e147d7.js:1
[   20177ms] [WARNING] eventQueue overflow, deleting LRU events: size is: 101 which is over max size: 100 @ https://appstoreconnect.apple.com/access/static/js/container.3633b935b1e147d7.js:1
[   20177ms] [WARNING] eventQueue overflow, deleting LRU events: size is: 101 which is over max size: 100 @ https://appstoreconnect.apple.com/access/static/js/container.3633b935b1e147d7.js:1
[   20178ms] [WARNING] eventQueue overflow, deleting LRU events: size is: 101 which is over max size: 100 @ https://appstoreconnect.apple.com/access/static/js/container.3633b935b1e147d7.js:1
[   20178ms] [WARNING] eventQueue overflow, deleting LRU events: size is: 101 which is over max size: 100 @ https://appstoreconnect.apple.com/access/static/js/container.3633b935b1e147d7.js:1
[   20178ms] [WARNING] eventQueue overflow, deleting LRU events: size is: 101 which is over max size: 100 @ https://appstoreconnect.apple.com/access/static/js/container.3633b935b1e147d7.js:1
[   20180ms] [WARNING] eventQueue overflow, deleting LRU events: size is: 101 which is over max size: 100 @ https://appstoreconnect.apple.com/access/static/js/container.3633b935b1e147d7.js:1
[   20180ms] [WARNING] eventQueue overflow, deleting LRU events: size is: 101 which is over max size: 100 @ https://appstoreconnect.apple.com/access/static/js/container.3633b935b1e147d7.js:1
[   20181ms] [WARNING] eventQueue overflow, deleting LRU events: size is: 101 which is over max size: 100 @ https://appstoreconnect.apple.com/access/static/js/container.3633b935b1e147d7.js:1
[   20181ms] [WARNING] eventQueue overflow, deleting LRU events: size is: 101 which is over max size: 100 @ https://appstoreconnect.apple.com/access/static/js/container.3633b935b1e147d7.js:1
[   20976ms] [WARNING] eventQueue overflow, deleting LRU events: size is: 101 which is over max size: 100 @ https://appstoreconnect.apple.com/access/static/js/container.3633b935b1e147d7.js:1
[   21099ms] [WARNING] eventQueue overflow, deleting LRU events: size is: 101 which is over max size: 100 @ https://appstoreconnect.apple.com/access/static/js/container.3633b935b1e147d7.js:1
[   21100ms] [WARNING] eventQueue overflow, deleting LRU events: size is: 101 which is over max size: 100 @ https://appstoreconnect.apple.com/access/static/js/container.3633b935b1e147d7.js:1
[   21101ms] [WARNING] eventQueue overflow, deleting LRU events: size is: 101 which is over max size: 100 @ https://appstoreconnect.apple.com/access/static/js/container.3633b935b1e147d7.js:1
[   21108ms] [WARNING] eventQueue overflow, deleting LRU events: size is: 101 which is over max size: 100 @ https://appstoreconnect.apple.com/access/static/js/container.3633b935b1e147d7.js:1
[   21109ms] [WARNING] eventQueue overflow, deleting LRU events: size is: 101 which is over max size: 100 @ https://appstoreconnect.apple.com/access/static/js/container.3633b935b1e147d7.js:1
[   21110ms] [WARNING] eventQueue overflow, deleting LRU events: size is: 101 which is over max size: 100 @ https://appstoreconnect.apple.com/access/static/js/container.3633b935b1e147d7.js:1
[   21111ms] [WARNING] eventQueue overflow, deleting LRU events: size is: 101 which is over max size: 100 @ https://appstoreconnect.apple.com/access/static/js/container.3633b935b1e147d7.js:1
[   21392ms] [WARNING] eventQueue overflow, deleting LRU events: size is: 101 which is over max size: 100 @ https://appstoreconnect.apple.com/access/static/js/container.3633b935b1e147d7.js:1
[   32300ms] [ERROR] Failed to load resource: net::ERR_FAILED @ https://gc.kis.v2.scr.kaspersky-labs.com/7D8B79A2-8974-4D7B-A76A-F4F29624C06BrTmj-bTdecP9_-a7Nw1iw3OzkEdPuSYZbZBlrYkEieVpLIlp4jFWkQOVcQG6diszZgeZffs-kpVrzvgPMSpgVw/init?data=eyJ1cmwiOiJodHRwczovL2FwcHN0b3JlY29ubmVjdC5hcHBsZS5jb20vYXBwcy82Nzg5OTEzMTg2L2Rpc3RyaWJ1dGlvbiIsInBsdWdpbnMiOiJ3c20md250JmNhJnZzJmFibiZhYm5fc2hhZG93JnVhJmNiIiwiZGF0YSI6eyJkYXRhIjpbeyJwbHVnaW4iOiJ3c20iLCJwYXJhbWV0ZXJzIjoie1wicmVmZXJyZXJcIjpcIlwiLFwic3R1YklkXCI6XCJcIn0ifSx7InBsdWdpbiI6IndudCIsInBhcmFtZXRlcnMiOiJ7XCJyZWZlcnJlclwiOlwiXCJ9In0seyJwbHVnaW4iOiJhYm4iLCJwYXJhbWV0ZXJzIjoie1wiaXNDc3NVcmxJbmplY3RlZFwiOmZhbHNlfSJ9LHsicGx1Z2luIjoiYWJuX3NoYWRvdyIsInBhcmFtZXRlcnMiOiJ7XCJpc0Nzc1VybEluamVjdGVkXCI6ZmFsc2V9In0seyJwbHVnaW4iOiJ1YSIsInBhcmFtZXRlcnMiOiJ7fSJ9XX0sImlzVG9wTGV2ZWwiOnRydWUsInBhZ2VTdGFydFRpbWUiOjE3ODQzMTE2NDk1NzgsIm5hdmlnYXRpb25TdGFydFRpbWUiOjE3ODQzMTE2NDg5OTl9&nocache=1b6be&tm=2026-07-17T18%3A08%3A01.279Z:0
[   32328ms] [ERROR] Failed to load resource: net::ERR_FAILED @ https://gc.kis.v2.scr.kaspersky-labs.com/7D8B79A2-8974-4D7B-A76A-F4F29624C06BrTmj-bTdecP9_-a7Nw1iw3OzkEdPuSYZbZBlrYkEieVpLIlp4jFWkQOVcQG6diszZgeZffs-kpVrzvgPMSpgVw/init?data=eyJ1cmwiOiJodHRwczovL2FwcHN0b3JlY29ubmVjdC5hcHBsZS5jb20vYXBwcy82Nzg5OTEzMTg2L2Rpc3RyaWJ1dGlvbiIsInBsdWdpbnMiOiJ3c20md250JmNhJnZzJmFibiZhYm5fc2hhZG93JnVhJmNiIiwiZGF0YSI6eyJkYXRhIjpbeyJwbHVnaW4iOiJ3c20iLCJwYXJhbWV0ZXJzIjoie1wicmVmZXJyZXJcIjpcIlwiLFwic3R1YklkXCI6XCJcIn0ifSx7InBsdWdpbiI6IndudCIsInBhcmFtZXRlcnMiOiJ7XCJyZWZlcnJlclwiOlwiXCJ9In0seyJwbHVnaW4iOiJhYm4iLCJwYXJhbWV0ZXJzIjoie1wiaXNDc3NVcmxJbmplY3RlZFwiOmZhbHNlfSJ9LHsicGx1Z2luIjoiYWJuX3NoYWRvdyIsInBhcmFtZXRlcnMiOiJ7XCJpc0Nzc1VybEluamVjdGVkXCI6ZmFsc2V9In0seyJwbHVnaW4iOiJ1YSIsInBhcmFtZXRlcnMiOiJ7fSJ9XX0sImlzVG9wTGV2ZWwiOnRydWUsInBhZ2VTdGFydFRpbWUiOjE3ODQzMTE2NDk1NzgsIm5hdmlnYXRpb25TdGFydFRpbWUiOjE3ODQzMTE2NDg5OTl9&nocache=1bbf0&tm=2026-07-17T18%3A08%3A01.289Z&second=true:0
[   62344ms] [ERROR] Failed to load resource: net::ERR_FAILED @ https://gc.kis.v2.scr.kaspersky-labs.com/7D8B79A2-8974-4D7B-A76A-F4F29624C06BrTmj-bTdecP9_-a7Nw1iw3OzkEdPuSYZbZBlrYkEieVpLIlp4jFWkQOVcQG6diszZgeZffs-kpVrzvgPMSpgVw/init?data=eyJ1cmwiOiJodHRwczovL2FwcHN0b3JlY29ubmVjdC5hcHBsZS5jb20vYXBwcy82Nzg5OTEzMTg2L2Rpc3RyaWJ1dGlvbiIsInBsdWdpbnMiOiJ3c20md250JmNhJnZzJmFibiZhYm5fc2hhZG93JnVhJmNiIiwiZGF0YSI6eyJkYXRhIjpbeyJwbHVnaW4iOiJ3c20iLCJwYXJhbWV0ZXJzIjoie1wicmVmZXJyZXJcIjpcIlwiLFwic3R1YklkXCI6XCJcIn0ifSx7InBsdWdpbiI6IndudCIsInBhcmFtZXRlcnMiOiJ7XCJyZWZlcnJlclwiOlwiXCJ9In0seyJwbHVnaW4iOiJhYm4iLCJwYXJhbWV0ZXJzIjoie1wiaXNDc3NVcmxJbmplY3RlZFwiOmZhbHNlfSJ9LHsicGx1Z2luIjoiYWJuX3NoYWRvdyIsInBhcmFtZXRlcnMiOiJ7XCJpc0Nzc1VybEluamVjdGVkXCI6ZmFsc2V9In0seyJwbHVnaW4iOiJ1YSIsInBhcmFtZXRlcnMiOiJ7fSJ9XX0sImlzVG9wTGV2ZWwiOnRydWUsInBhZ2VTdGFydFRpbWUiOjE3ODQzMTE2NDk1NzgsIm5hdmlnYXRpb25TdGFydFRpbWUiOjE3ODQzMTE2NDg5OTl9&nocache=18ebc&tm=2026-07-17T18%3A08%3A31.280Z:0
[   62435ms] [ERROR] Failed to load resource: net::ERR_FAILED @ https://gc.kis.v2.scr.kaspersky-labs.com/7D8B79A2-8974-4D7B-A76A-F4F29624C06BrTmj-bTdecP9_-a7Nw1iw3OzkEdPuSYZbZBlrYkEieVpLIlp4jFWkQOVcQG6diszZgeZffs-kpVrzvgPMSpgVw/init?data=eyJ1cmwiOiJodHRwczovL2FwcHN0b3JlY29ubmVjdC5hcHBsZS5jb20vYXBwcy82Nzg5OTEzMTg2L2Rpc3RyaWJ1dGlvbiIsInBsdWdpbnMiOiJ3c20md250JmNhJnZzJmFibiZhYm5fc2hhZG93JnVhJmNiIiwiZGF0YSI6eyJkYXRhIjpbeyJwbHVnaW4iOiJ3c20iLCJwYXJhbWV0ZXJzIjoie1wicmVmZXJyZXJcIjpcIlwiLFwic3R1YklkXCI6XCJcIn0ifSx7InBsdWdpbiI6IndudCIsInBhcmFtZXRlcnMiOiJ7XCJyZWZlcnJlclwiOlwiXCJ9In0seyJwbHVnaW4iOiJhYm4iLCJwYXJhbWV0ZXJzIjoie1wiaXNDc3NVcmxJbmplY3RlZFwiOmZhbHNlfSJ9LHsicGx1Z2luIjoiYWJuX3NoYWRvdyIsInBhcmFtZXRlcnMiOiJ7XCJpc0Nzc1VybEluamVjdGVkXCI6ZmFsc2V9In0seyJwbHVnaW4iOiJ1YSIsInBhcmFtZXRlcnMiOiJ7fSJ9XX0sImlzVG9wTGV2ZWwiOnRydWUsInBhZ2VTdGFydFRpbWUiOjE3ODQzMTE2NDk1NzgsIm5hdmlnYXRpb25TdGFydFRpbWUiOjE3ODQzMTE2NDg5OTl9&nocache=1a0b7&tm=2026-07-17T18%3A08%3A31.334Z&second=true:0
