[     220ms] [ERROR] Failed to load resource: net::ERR_FAILED @ https://gc.kis.v2.scr.kaspersky-labs.com/7D8B79A2-8974-4D7B-A76A-F4F29624C06B0mLXzJxR5kMNzWVxD_kS14vlPTAkI07XLTEvBQ0X5UiZraDALqASQKqbaUxLdmgowToiTxXE1HXiiNelOqwNyw/init?data=eyJ1cmwiOiJodHRwczovL2FwcHN0b3JlY29ubmVjdC5hcHBsZS5jb20vYW5hbHl0aWNzL2FwcC9kMzAvNjc4OTkxMzE4Ni9vdmVydmlldyIsInBsdWdpbnMiOiJ3c20mY2EmdnMmd250JnVhJmFibiZhYm5fc2hhZG93JmNiIiwiZGF0YSI6eyJkYXRhIjpbeyJwbHVnaW4iOiJ3c20iLCJwYXJhbWV0ZXJzIjoie1wicmVmZXJyZXJcIjpcIlwiLFwic3R1YklkXCI6XCJcIn0ifSx7InBsdWdpbiI6IndudCIsInBhcmFtZXRlcnMiOiJ7XCJyZWZlcnJlclwiOlwiXCJ9In0seyJwbHVnaW4iOiJ1YSIsInBhcmFtZXRlcnMiOiJ7fSJ9LHsicGx1Z2luIjoiYWJuIiwicGFyYW1ldGVycyI6IntcImlzQ3NzVXJsSW5qZWN0ZWRcIjpmYWxzZX0ifSx7InBsdWdpbiI6ImFibl9zaGFkb3ciLCJwYXJhbWV0ZXJzIjoie1wiaXNDc3NVcmxJbmplY3RlZFwiOmZhbHNlfSJ9XX0sImlzVG9wTGV2ZWwiOnRydWUsInBhZ2VTdGFydFRpbWUiOjAsIm5hdmlnYXRpb25TdGFydFRpbWUiOjE3ODUxMDA1NjEwMzh9&nocache=164d5&tm=2026-07-26T21%3A16%3A01.232Z:0
[     227ms] [ERROR] Failed to load resource: net::ERR_FAILED @ https://gc.kis.v2.scr.kaspersky-labs.com/7D8B79A2-8974-4D7B-A76A-F4F29624C06B0mLXzJxR5kMNzWVxD_kS14vlPTAkI07XLTEvBQ0X5UiZraDALqASQKqbaUxLdmgowToiTxXE1HXiiNelOqwNyw/init?data=eyJ1cmwiOiJodHRwczovL2FwcHN0b3JlY29ubmVjdC5hcHBsZS5jb20vYW5hbHl0aWNzL2FwcC9kMzAvNjc4OTkxMzE4Ni9vdmVydmlldyIsInBsdWdpbnMiOiJ3c20mY2EmdnMmd250JnVhJmFibiZhYm5fc2hhZG93JmNiIiwiZGF0YSI6eyJkYXRhIjpbeyJwbHVnaW4iOiJ3c20iLCJwYXJhbWV0ZXJzIjoie1wicmVmZXJyZXJcIjpcIlwiLFwic3R1YklkXCI6XCJcIn0ifSx7InBsdWdpbiI6IndudCIsInBhcmFtZXRlcnMiOiJ7XCJyZWZlcnJlclwiOlwiXCJ9In0seyJwbHVnaW4iOiJ1YSIsInBhcmFtZXRlcnMiOiJ7fSJ9LHsicGx1Z2luIjoiYWJuIiwicGFyYW1ldGVycyI6IntcImlzQ3NzVXJsSW5qZWN0ZWRcIjpmYWxzZX0ifSx7InBsdWdpbiI6ImFibl9zaGFkb3ciLCJwYXJhbWV0ZXJzIjoie1wiaXNDc3NVcmxJbmplY3RlZFwiOmZhbHNlfSJ9XX0sImlzVG9wTGV2ZWwiOnRydWUsInBhZ2VTdGFydFRpbWUiOjAsIm5hdmlnYXRpb25TdGFydFRpbWUiOjE3ODUxMDA1NjEwMzh9&nocache=1bf3b&tm=2026-07-26T21%3A16%3A01.250Z&second=true:0
[     289ms] [WARNING] document.domain mutation is ignored because the surrounding agent cluster is origin-keyed. @ https://appstoreconnect.apple.com/access/static/js/container.3633b935b1e147d7.js:1
[     317ms] [WARNING] Metrics config: No config provided via delegate or fetched via init(), using default/cached config values. @ https://appstoreconnect.apple.com/access/static/js/344.d09a59ff782b29d1.js:0
[     459ms] [WARNING] <meta name="apple-mobile-web-app-capable" content="yes"> is deprecated. Please include <meta name="mobile-web-app-capable" content="yes"> @ https://appstoreconnect.apple.com/analytics/app/d30/6789913186/overview:0
[    1467ms] [WARNING] Error: Mount element [object Object] not found.
    at Object.c [as mount] (https://appstoreconnect.apple.com/access/analytics/static/js/main.649eb104.mjs:27:9)
    at https://appstoreconnect.apple.com/access/static/js/container.3633b935b1e147d7.js:2:232146
    at jn (https://appstoreconnect.apple.com/access/static/js/container.3633b935b1e147d7.js:2:236942)
    at async https://appstoreconnect.apple.com/access/static/js/container.3633b935b1e147d7.js:2:242337
    at async b.remountingOrDifferentAppNotRouteUpdating.u (https://appstoreconnect.apple.com/access/static/js/container.3633b935b1e147d7.js:2:242219) @ https://appstoreconnect.apple.com/access/static/js/container.3633b935b1e147d7.js:1
[    1469ms] [WARNING] An array is needed to render meta tags @ https://appstoreconnect.apple.com/access/static/js/container.3633b935b1e147d7.js:1
[    1474ms] [LOG] {type: INIT, initTimestamp: Mon Jul 27 2026 00:16:02 GMT+0300 (Türkiye Standart Saati), locale: tr-TR, uiVersion: 2622.0.0} @ https://appstoreconnect.apple.com/access/analytics/static/js/App.vendor.react.3ad7440a.chunk.mjs:10290
[    2378ms] [WARNING] Metrics config: No config provided via delegate or fetched via init(), using default/cached config values. @ https://appstoreconnect.apple.com/access/analytics/static/js/App.57418df8.chunk.mjs:791
[    2961ms] [WARNING] eventQueue overflow, deleting LRU events: size is: 101 which is over max size: 100 @ https://appstoreconnect.apple.com/access/analytics/static/js/App.57418df8.chunk.mjs:791
[    3132ms] [WARNING] eventQueue overflow, deleting LRU events: size is: 101 which is over max size: 100 @ https://appstoreconnect.apple.com/access/analytics/static/js/App.57418df8.chunk.mjs:791
[    3446ms] [WARNING] eventQueue overflow, deleting LRU events: size is: 101 which is over max size: 100 @ https://appstoreconnect.apple.com/access/analytics/static/js/App.57418df8.chunk.mjs:791
[    3448ms] [WARNING] eventQueue overflow, deleting LRU events: size is: 101 which is over max size: 100 @ https://appstoreconnect.apple.com/access/analytics/static/js/App.57418df8.chunk.mjs:791
[    3454ms] [WARNING] eventQueue overflow, deleting LRU events: size is: 101 which is over max size: 100 @ https://appstoreconnect.apple.com/access/analytics/static/js/App.57418df8.chunk.mjs:791
[    3544ms] [WARNING] eventQueue overflow, deleting LRU events: size is: 101 which is over max size: 100 @ https://appstoreconnect.apple.com/access/analytics/static/js/App.57418df8.chunk.mjs:791
