[     271ms] [ERROR] Failed to load resource: net::ERR_FAILED @ https://gc.kis.v2.scr.kaspersky-labs.com/7D8B79A2-8974-4D7B-A76A-F4F29624C06BMGsSqmNRA2EQEXK5lLvCKNz6dzSbiUeFB1KkjnTfgwGusacFEkoN4JvFM7mjZrjfy0m7Fa1BigTXodZgT-mG2A/init?data=eyJ1cmwiOiJodHRwczovL2FwcHN0b3JlY29ubmVjdC5hcHBsZS5jb20vYXBwcy82Nzg5OTEzMTg2L2Rpc3RyaWJ1dGlvbi9zdWJzY3JpcHRpb25zIiwicGx1Z2lucyI6IndzbSZ3bnQmY2EmdnMmdWEmYWJuJmFibl9zaGFkb3cmY2IiLCJkYXRhIjp7ImRhdGEiOlt7InBsdWdpbiI6IndzbSIsInBhcmFtZXRlcnMiOiJ7XCJyZWZlcnJlclwiOlwiXCIsXCJzdHViSWRcIjpcIlwifSJ9LHsicGx1Z2luIjoid250IiwicGFyYW1ldGVycyI6IntcInJlZmVycmVyXCI6XCJcIn0ifSx7InBsdWdpbiI6InVhIiwicGFyYW1ldGVycyI6Int9In0seyJwbHVnaW4iOiJhYm4iLCJwYXJhbWV0ZXJzIjoie1wiaXNDc3NVcmxJbmplY3RlZFwiOmZhbHNlfSJ9LHsicGx1Z2luIjoiYWJuX3NoYWRvdyIsInBhcmFtZXRlcnMiOiJ7XCJpc0Nzc1VybEluamVjdGVkXCI6ZmFsc2V9In1dfSwiaXNUb3BMZXZlbCI6dHJ1ZSwicGFnZVN0YXJ0VGltZSI6MCwibmF2aWdhdGlvblN0YXJ0VGltZSI6MTc4NDE4NjM1MTA5MX0%3D&nocache=14597&tm=2026-07-16T07%3A19%3A11.335Z:0
[     277ms] [ERROR] Failed to load resource: net::ERR_FAILED @ https://gc.kis.v2.scr.kaspersky-labs.com/7D8B79A2-8974-4D7B-A76A-F4F29624C06BMGsSqmNRA2EQEXK5lLvCKNz6dzSbiUeFB1KkjnTfgwGusacFEkoN4JvFM7mjZrjfy0m7Fa1BigTXodZgT-mG2A/init?data=eyJ1cmwiOiJodHRwczovL2FwcHN0b3JlY29ubmVjdC5hcHBsZS5jb20vYXBwcy82Nzg5OTEzMTg2L2Rpc3RyaWJ1dGlvbi9zdWJzY3JpcHRpb25zIiwicGx1Z2lucyI6IndzbSZ3bnQmY2EmdnMmdWEmYWJuJmFibl9zaGFkb3cmY2IiLCJkYXRhIjp7ImRhdGEiOlt7InBsdWdpbiI6IndzbSIsInBhcmFtZXRlcnMiOiJ7XCJyZWZlcnJlclwiOlwiXCIsXCJzdHViSWRcIjpcIlwifSJ9LHsicGx1Z2luIjoid250IiwicGFyYW1ldGVycyI6IntcInJlZmVycmVyXCI6XCJcIn0ifSx7InBsdWdpbiI6InVhIiwicGFyYW1ldGVycyI6Int9In0seyJwbHVnaW4iOiJhYm4iLCJwYXJhbWV0ZXJzIjoie1wiaXNDc3NVcmxJbmplY3RlZFwiOmZhbHNlfSJ9LHsicGx1Z2luIjoiYWJuX3NoYWRvdyIsInBhcmFtZXRlcnMiOiJ7XCJpc0Nzc1VybEluamVjdGVkXCI6ZmFsc2V9In1dfSwiaXNUb3BMZXZlbCI6dHJ1ZSwicGFnZVN0YXJ0VGltZSI6MCwibmF2aWdhdGlvblN0YXJ0VGltZSI6MTc4NDE4NjM1MTA5MX0%3D&nocache=18a28&tm=2026-07-16T07%3A19%3A11.348Z&second=true:0
[     360ms] [WARNING] document.domain mutation is ignored because the surrounding agent cluster is origin-keyed. @ https://appstoreconnect.apple.com/access/static/js/container.3633b935b1e147d7.js:1
[     376ms] [WARNING] Metrics config: No config provided via delegate or fetched via init(), using default/cached config values. @ https://appstoreconnect.apple.com/access/static/js/344.d09a59ff782b29d1.js:0
[     866ms] [WARNING] <meta name="apple-mobile-web-app-capable" content="yes"> is deprecated. Please include <meta name="mobile-web-app-capable" content="yes"> @ https://appstoreconnect.apple.com/apps/6789913186/distribution/subscriptions:0
[    2192ms] [WARNING] An array is needed to render meta tags @ https://appstoreconnect.apple.com/access/static/js/container.3633b935b1e147d7.js:1
[    3373ms] [WARNING] eventQueue overflow, deleting LRU events: size is: 101 which is over max size: 100 @ https://appstoreconnect.apple.com/access/static/js/container.3633b935b1e147d7.js:1
[    3376ms] [WARNING] eventQueue overflow, deleting LRU events: size is: 101 which is over max size: 100 @ https://appstoreconnect.apple.com/access/static/js/container.3633b935b1e147d7.js:1
[    3421ms] [WARNING] eventQueue overflow, deleting LRU events: size is: 101 which is over max size: 100 @ https://appstoreconnect.apple.com/access/static/js/container.3633b935b1e147d7.js:1
[    3421ms] [WARNING] eventQueue overflow, deleting LRU events: size is: 101 which is over max size: 100 @ https://appstoreconnect.apple.com/access/static/js/container.3633b935b1e147d7.js:1
[    3424ms] [WARNING] eventQueue overflow, deleting LRU events: size is: 101 which is over max size: 100 @ https://appstoreconnect.apple.com/access/static/js/container.3633b935b1e147d7.js:1
[    3438ms] [WARNING] eventQueue overflow, deleting LRU events: size is: 101 which is over max size: 100 @ https://appstoreconnect.apple.com/access/static/js/container.3633b935b1e147d7.js:1
[    3439ms] [WARNING] eventQueue overflow, deleting LRU events: size is: 101 which is over max size: 100 @ https://appstoreconnect.apple.com/access/static/js/container.3633b935b1e147d7.js:1
[    3441ms] [WARNING] eventQueue overflow, deleting LRU events: size is: 101 which is over max size: 100 @ https://appstoreconnect.apple.com/access/static/js/container.3633b935b1e147d7.js:1
[    3441ms] [WARNING] eventQueue overflow, deleting LRU events: size is: 101 which is over max size: 100 @ https://appstoreconnect.apple.com/access/static/js/container.3633b935b1e147d7.js:1
[    3479ms] [WARNING] eventQueue overflow, deleting LRU events: size is: 101 which is over max size: 100 @ https://appstoreconnect.apple.com/access/static/js/container.3633b935b1e147d7.js:1
[    3482ms] [WARNING] eventQueue overflow, deleting LRU events: size is: 101 which is over max size: 100 @ https://appstoreconnect.apple.com/access/static/js/container.3633b935b1e147d7.js:1
[    3501ms] [WARNING] eventQueue overflow, deleting LRU events: size is: 101 which is over max size: 100 @ https://appstoreconnect.apple.com/access/static/js/container.3633b935b1e147d7.js:1
[    3506ms] [WARNING] eventQueue overflow, deleting LRU events: size is: 101 which is over max size: 100 @ https://appstoreconnect.apple.com/access/static/js/container.3633b935b1e147d7.js:1
[    3517ms] [WARNING] eventQueue overflow, deleting LRU events: size is: 101 which is over max size: 100 @ https://appstoreconnect.apple.com/access/static/js/container.3633b935b1e147d7.js:1
[    3549ms] [WARNING] eventQueue overflow, deleting LRU events: size is: 101 which is over max size: 100 @ https://appstoreconnect.apple.com/access/static/js/container.3633b935b1e147d7.js:1
[    3550ms] [WARNING] eventQueue overflow, deleting LRU events: size is: 101 which is over max size: 100 @ https://appstoreconnect.apple.com/access/static/js/container.3633b935b1e147d7.js:1
[    3583ms] [WARNING] eventQueue overflow, deleting LRU events: size is: 101 which is over max size: 100 @ https://appstoreconnect.apple.com/access/static/js/container.3633b935b1e147d7.js:1
[    3585ms] [ERROR] Failed to load resource: the server responded with a status of 404 () @ https://appstoreconnect.apple.com/partials/app-store/js/date-fns-locale-de-index-js.da22cac8.js:0
[    3586ms] [WARNING] eventQueue overflow, deleting LRU events: size is: 101 which is over max size: 100 @ https://appstoreconnect.apple.com/access/static/js/container.3633b935b1e147d7.js:1
[    3633ms] [WARNING] eventQueue overflow, deleting LRU events: size is: 101 which is over max size: 100 @ https://appstoreconnect.apple.com/access/static/js/container.3633b935b1e147d7.js:1
[    3639ms] [WARNING] eventQueue overflow, deleting LRU events: size is: 101 which is over max size: 100 @ https://appstoreconnect.apple.com/access/static/js/container.3633b935b1e147d7.js:1
[    3640ms] [WARNING] eventQueue overflow, deleting LRU events: size is: 101 which is over max size: 100 @ https://appstoreconnect.apple.com/access/static/js/container.3633b935b1e147d7.js:1
[    3650ms] [WARNING] eventQueue overflow, deleting LRU events: size is: 101 which is over max size: 100 @ https://appstoreconnect.apple.com/access/static/js/container.3633b935b1e147d7.js:1
[    3758ms] [WARNING] eventQueue overflow, deleting LRU events: size is: 101 which is over max size: 100 @ https://appstoreconnect.apple.com/access/static/js/container.3633b935b1e147d7.js:1
[    3792ms] [WARNING] eventQueue overflow, deleting LRU events: size is: 101 which is over max size: 100 @ https://appstoreconnect.apple.com/access/static/js/container.3633b935b1e147d7.js:1
[    3846ms] [WARNING] eventQueue overflow, deleting LRU events: size is: 101 which is over max size: 100 @ https://appstoreconnect.apple.com/access/static/js/container.3633b935b1e147d7.js:1
[    3849ms] [WARNING] eventQueue overflow, deleting LRU events: size is: 101 which is over max size: 100 @ https://appstoreconnect.apple.com/access/static/js/container.3633b935b1e147d7.js:1
[    3871ms] [WARNING] eventQueue overflow, deleting LRU events: size is: 101 which is over max size: 100 @ https://appstoreconnect.apple.com/access/static/js/container.3633b935b1e147d7.js:1
[    3875ms] [WARNING] eventQueue overflow, deleting LRU events: size is: 101 which is over max size: 100 @ https://appstoreconnect.apple.com/access/static/js/container.3633b935b1e147d7.js:1
[    3880ms] [WARNING] eventQueue overflow, deleting LRU events: size is: 101 which is over max size: 100 @ https://appstoreconnect.apple.com/access/static/js/container.3633b935b1e147d7.js:1
[    3886ms] [WARNING] eventQueue overflow, deleting LRU events: size is: 101 which is over max size: 100 @ https://appstoreconnect.apple.com/access/static/js/container.3633b935b1e147d7.js:1
[    3916ms] [WARNING] eventQueue overflow, deleting LRU events: size is: 101 which is over max size: 100 @ https://appstoreconnect.apple.com/access/static/js/container.3633b935b1e147d7.js:1
[    3928ms] [WARNING] eventQueue overflow, deleting LRU events: size is: 101 which is over max size: 100 @ https://appstoreconnect.apple.com/access/static/js/container.3633b935b1e147d7.js:1
[    4103ms] [WARNING] eventQueue overflow, deleting LRU events: size is: 101 which is over max size: 100 @ https://appstoreconnect.apple.com/access/static/js/container.3633b935b1e147d7.js:1
[    4244ms] [WARNING] eventQueue overflow, deleting LRU events: size is: 101 which is over max size: 100 @ https://appstoreconnect.apple.com/access/static/js/container.3633b935b1e147d7.js:1
[    4378ms] [WARNING] eventQueue overflow, deleting LRU events: size is: 101 which is over max size: 100 @ https://appstoreconnect.apple.com/access/static/js/container.3633b935b1e147d7.js:1
[    4669ms] [WARNING] eventQueue overflow, deleting LRU events: size is: 101 which is over max size: 100 @ https://appstoreconnect.apple.com/access/static/js/container.3633b935b1e147d7.js:1
[    5231ms] [WARNING] eventQueue overflow, deleting LRU events: size is: 101 which is over max size: 100 @ https://appstoreconnect.apple.com/access/static/js/container.3633b935b1e147d7.js:1
[    7277ms] [WARNING] eventQueue overflow, deleting LRU events: size is: 101 which is over max size: 100 @ https://appstoreconnect.apple.com/access/static/js/container.3633b935b1e147d7.js:1
[    7289ms] [WARNING] eventQueue overflow, deleting LRU events: size is: 101 which is over max size: 100 @ https://appstoreconnect.apple.com/access/static/js/container.3633b935b1e147d7.js:1
[    7304ms] [WARNING] eventQueue overflow, deleting LRU events: size is: 101 which is over max size: 100 @ https://appstoreconnect.apple.com/access/static/js/container.3633b935b1e147d7.js:1
[    7305ms] [WARNING] eventQueue overflow, deleting LRU events: size is: 101 which is over max size: 100 @ https://appstoreconnect.apple.com/access/static/js/container.3633b935b1e147d7.js:1
[    7305ms] [WARNING] eventQueue overflow, deleting LRU events: size is: 101 which is over max size: 100 @ https://appstoreconnect.apple.com/access/static/js/container.3633b935b1e147d7.js:1
[    7305ms] [WARNING] eventQueue overflow, deleting LRU events: size is: 101 which is over max size: 100 @ https://appstoreconnect.apple.com/access/static/js/container.3633b935b1e147d7.js:1
[    7306ms] [WARNING] eventQueue overflow, deleting LRU events: size is: 101 which is over max size: 100 @ https://appstoreconnect.apple.com/access/static/js/container.3633b935b1e147d7.js:1
[    7307ms] [WARNING] eventQueue overflow, deleting LRU events: size is: 101 which is over max size: 100 @ https://appstoreconnect.apple.com/access/static/js/container.3633b935b1e147d7.js:1
[    7308ms] [WARNING] eventQueue overflow, deleting LRU events: size is: 101 which is over max size: 100 @ https://appstoreconnect.apple.com/access/static/js/container.3633b935b1e147d7.js:1
[    7308ms] [WARNING] eventQueue overflow, deleting LRU events: size is: 101 which is over max size: 100 @ https://appstoreconnect.apple.com/access/static/js/container.3633b935b1e147d7.js:1
[    7519ms] [WARNING] eventQueue overflow, deleting LRU events: size is: 101 which is over max size: 100 @ https://appstoreconnect.apple.com/access/static/js/container.3633b935b1e147d7.js:1
[    7521ms] [WARNING] eventQueue overflow, deleting LRU events: size is: 101 which is over max size: 100 @ https://appstoreconnect.apple.com/access/static/js/container.3633b935b1e147d7.js:1
[    7630ms] [WARNING] eventQueue overflow, deleting LRU events: size is: 101 which is over max size: 100 @ https://appstoreconnect.apple.com/access/static/js/container.3633b935b1e147d7.js:1
[    7760ms] [WARNING] eventQueue overflow, deleting LRU events: size is: 101 which is over max size: 100 @ https://appstoreconnect.apple.com/access/static/js/container.3633b935b1e147d7.js:1
[    7764ms] [WARNING] eventQueue overflow, deleting LRU events: size is: 101 which is over max size: 100 @ https://appstoreconnect.apple.com/access/static/js/container.3633b935b1e147d7.js:1
[    7765ms] [WARNING] eventQueue overflow, deleting LRU events: size is: 101 which is over max size: 100 @ https://appstoreconnect.apple.com/access/static/js/container.3633b935b1e147d7.js:1
[    7765ms] [WARNING] eventQueue overflow, deleting LRU events: size is: 101 which is over max size: 100 @ https://appstoreconnect.apple.com/access/static/js/container.3633b935b1e147d7.js:1
[    7766ms] [WARNING] eventQueue overflow, deleting LRU events: size is: 101 which is over max size: 100 @ https://appstoreconnect.apple.com/access/static/js/container.3633b935b1e147d7.js:1
[    7814ms] [WARNING] eventQueue overflow, deleting LRU events: size is: 101 which is over max size: 100 @ https://appstoreconnect.apple.com/access/static/js/container.3633b935b1e147d7.js:1
[    7836ms] [WARNING] eventQueue overflow, deleting LRU events: size is: 101 which is over max size: 100 @ https://appstoreconnect.apple.com/access/static/js/container.3633b935b1e147d7.js:1
[    8262ms] [WARNING] eventQueue overflow, deleting LRU events: size is: 101 which is over max size: 100 @ https://appstoreconnect.apple.com/access/static/js/container.3633b935b1e147d7.js:1
[    8400ms] [WARNING] eventQueue overflow, deleting LRU events: size is: 101 which is over max size: 100 @ https://appstoreconnect.apple.com/access/static/js/container.3633b935b1e147d7.js:1
[   32179ms] [ERROR] Failed to load resource: net::ERR_FAILED @ https://gc.kis.v2.scr.kaspersky-labs.com/7D8B79A2-8974-4D7B-A76A-F4F29624C06BMGsSqmNRA2EQEXK5lLvCKNz6dzSbiUeFB1KkjnTfgwGusacFEkoN4JvFM7mjZrjfy0m7Fa1BigTXodZgT-mG2A/init?data=eyJ1cmwiOiJodHRwczovL2FwcHN0b3JlY29ubmVjdC5hcHBsZS5jb20vYXBwcy82Nzg5OTEzMTg2L2Rpc3RyaWJ1dGlvbi9zdWJzY3JpcHRpb25zIiwicGx1Z2lucyI6IndzbSZ3bnQmY2EmdnMmdWEmYWJuJmFibl9zaGFkb3cmY2IiLCJkYXRhIjp7ImRhdGEiOlt7InBsdWdpbiI6IndzbSIsInBhcmFtZXRlcnMiOiJ7XCJyZWZlcnJlclwiOlwiXCIsXCJzdHViSWRcIjpcIlwifSJ9LHsicGx1Z2luIjoid250IiwicGFyYW1ldGVycyI6IntcInJlZmVycmVyXCI6XCJcIn0ifSx7InBsdWdpbiI6InVhIiwicGFyYW1ldGVycyI6Int9In0seyJwbHVnaW4iOiJhYm4iLCJwYXJhbWV0ZXJzIjoie1wiaXNDc3NVcmxJbmplY3RlZFwiOmZhbHNlfSJ9LHsicGx1Z2luIjoiYWJuX3NoYWRvdyIsInBhcmFtZXRlcnMiOiJ7XCJpc0Nzc1VybEluamVjdGVkXCI6ZmFsc2V9In1dfSwiaXNUb3BMZXZlbCI6dHJ1ZSwicGFnZVN0YXJ0VGltZSI6MTc4NDE4NjM1MTQ0MywibmF2aWdhdGlvblN0YXJ0VGltZSI6MTc4NDE4NjM1MTA5MX0%3D&nocache=1d4ae&tm=2026-07-16T07%3A19%3A43.249Z:0
[   32186ms] [ERROR] Failed to load resource: net::ERR_FAILED @ https://gc.kis.v2.scr.kaspersky-labs.com/7D8B79A2-8974-4D7B-A76A-F4F29624C06BMGsSqmNRA2EQEXK5lLvCKNz6dzSbiUeFB1KkjnTfgwGusacFEkoN4JvFM7mjZrjfy0m7Fa1BigTXodZgT-mG2A/init?data=eyJ1cmwiOiJodHRwczovL2FwcHN0b3JlY29ubmVjdC5hcHBsZS5jb20vYXBwcy82Nzg5OTEzMTg2L2Rpc3RyaWJ1dGlvbi9zdWJzY3JpcHRpb25zIiwicGx1Z2lucyI6IndzbSZ3bnQmY2EmdnMmdWEmYWJuJmFibl9zaGFkb3cmY2IiLCJkYXRhIjp7ImRhdGEiOlt7InBsdWdpbiI6IndzbSIsInBhcmFtZXRlcnMiOiJ7XCJyZWZlcnJlclwiOlwiXCIsXCJzdHViSWRcIjpcIlwifSJ9LHsicGx1Z2luIjoid250IiwicGFyYW1ldGVycyI6IntcInJlZmVycmVyXCI6XCJcIn0ifSx7InBsdWdpbiI6InVhIiwicGFyYW1ldGVycyI6Int9In0seyJwbHVnaW4iOiJhYm4iLCJwYXJhbWV0ZXJzIjoie1wiaXNDc3NVcmxJbmplY3RlZFwiOmZhbHNlfSJ9LHsicGx1Z2luIjoiYWJuX3NoYWRvdyIsInBhcmFtZXRlcnMiOiJ7XCJpc0Nzc1VybEluamVjdGVkXCI6ZmFsc2V9In1dfSwiaXNUb3BMZXZlbCI6dHJ1ZSwicGFnZVN0YXJ0VGltZSI6MTc4NDE4NjM1MTQ0MywibmF2aWdhdGlvblN0YXJ0VGltZSI6MTc4NDE4NjM1MTA5MX0%3D&nocache=1f8b7&tm=2026-07-16T07%3A19%3A43.256Z&second=true:0
