[     279ms] [WARNING] document.domain mutation is ignored because the surrounding agent cluster is origin-keyed. @ https://appstoreconnect.apple.com/access/static/js/container.3633b935b1e147d7.js:1
[     320ms] [ERROR] Failed to load resource: net::ERR_FAILED @ https://gc.kis.v2.scr.kaspersky-labs.com/7D8B79A2-8974-4D7B-A76A-F4F29624C06B4wEYwWXYKZ6gqvaYviglop71P7pVI8nmIweXQrIIi8TMQwAgNGOKqHpdLWq7t1VJr9F-_NuEqA1zHTjzhoX1Fw/init?data=eyJ1cmwiOiJodHRwczovL2FwcHN0b3JlY29ubmVjdC5hcHBsZS5jb20vYXBwcy82Nzg5OTEzMTg2L2FuYWx5dGljcy9tZXRyaWNzP2RhdGVTcGVjPXIlM0EyMDI2MDQyNyUzQTIwMjYwNzI1JmZyZXF1ZW5jeT1kYXkmbWVhc3VyZUtleT11bml0cyIsInBsdWdpbnMiOiJ3c20mY2EmdnMmd250JnVhJmFibiZhYm5fc2hhZG93JmNiIiwiZGF0YSI6eyJkYXRhIjpbeyJwbHVnaW4iOiJ3c20iLCJwYXJhbWV0ZXJzIjoie1wicmVmZXJyZXJcIjpcIlwiLFwic3R1YklkXCI6XCJcIn0ifSx7InBsdWdpbiI6IndudCIsInBhcmFtZXRlcnMiOiJ7XCJyZWZlcnJlclwiOlwiXCJ9In0seyJwbHVnaW4iOiJ1YSIsInBhcmFtZXRlcnMiOiJ7fSJ9LHsicGx1Z2luIjoiYWJuIiwicGFyYW1ldGVycyI6IntcImlzQ3NzVXJsSW5qZWN0ZWRcIjpmYWxzZX0ifSx7InBsdWdpbiI6ImFibl9zaGFkb3ciLCJwYXJhbWV0ZXJzIjoie1wiaXNDc3NVcmxJbmplY3RlZFwiOmZhbHNlfSJ9XX0sImlzVG9wTGV2ZWwiOnRydWUsInBhZ2VTdGFydFRpbWUiOjAsIm5hdmlnYXRpb25TdGFydFRpbWUiOjE3ODUxMDA1OTI0Mzh9&nocache=1f8a6&tm=2026-07-26T21%3A16%3A32.670Z:0
[     331ms] [WARNING] Metrics config: No config provided via delegate or fetched via init(), using default/cached config values. @ https://appstoreconnect.apple.com/access/static/js/344.d09a59ff782b29d1.js:0
[     355ms] [ERROR] Failed to load resource: net::ERR_FAILED @ https://gc.kis.v2.scr.kaspersky-labs.com/7D8B79A2-8974-4D7B-A76A-F4F29624C06B4wEYwWXYKZ6gqvaYviglop71P7pVI8nmIweXQrIIi8TMQwAgNGOKqHpdLWq7t1VJr9F-_NuEqA1zHTjzhoX1Fw/init?data=eyJ1cmwiOiJodHRwczovL2FwcHN0b3JlY29ubmVjdC5hcHBsZS5jb20vYXBwcy82Nzg5OTEzMTg2L2FuYWx5dGljcy9tZXRyaWNzP2RhdGVTcGVjPXIlM0EyMDI2MDQyNyUzQTIwMjYwNzI1JmZyZXF1ZW5jeT1kYXkmbWVhc3VyZUtleT11bml0cyIsInBsdWdpbnMiOiJ3c20mY2EmdnMmd250JnVhJmFibiZhYm5fc2hhZG93JmNiIiwiZGF0YSI6eyJkYXRhIjpbeyJwbHVnaW4iOiJ3c20iLCJwYXJhbWV0ZXJzIjoie1wicmVmZXJyZXJcIjpcIlwiLFwic3R1YklkXCI6XCJcIn0ifSx7InBsdWdpbiI6IndudCIsInBhcmFtZXRlcnMiOiJ7XCJyZWZlcnJlclwiOlwiXCJ9In0seyJwbHVnaW4iOiJ1YSIsInBhcmFtZXRlcnMiOiJ7fSJ9LHsicGx1Z2luIjoiYWJuIiwicGFyYW1ldGVycyI6IntcImlzQ3NzVXJsSW5qZWN0ZWRcIjpmYWxzZX0ifSx7InBsdWdpbiI6ImFibl9zaGFkb3ciLCJwYXJhbWV0ZXJzIjoie1wiaXNDc3NVcmxJbmplY3RlZFwiOmZhbHNlfSJ9XX0sImlzVG9wTGV2ZWwiOnRydWUsInBhZ2VTdGFydFRpbWUiOjAsIm5hdmlnYXRpb25TdGFydFRpbWUiOjE3ODUxMDA1OTI0Mzh9&nocache=1687c&tm=2026-07-26T21%3A16%3A32.750Z&second=true:0
[     998ms] [WARNING] <meta name="apple-mobile-web-app-capable" content="yes"> is deprecated. Please include <meta name="mobile-web-app-capable" content="yes"> @ https://appstoreconnect.apple.com/apps/6789913186/analytics/metrics?dateSpec=r%3A20260427%3A20260725&frequency=day&measureKey=units:0
[    1470ms] [WARNING] Error: Mount element [object Object] not found.
    at Object.c [as mount] (https://appstoreconnect.apple.com/access/analytics/static/js/main.649eb104.mjs:27:9)
    at https://appstoreconnect.apple.com/access/static/js/container.3633b935b1e147d7.js:2:232146
    at jn (https://appstoreconnect.apple.com/access/static/js/container.3633b935b1e147d7.js:2:236942)
    at async https://appstoreconnect.apple.com/access/static/js/container.3633b935b1e147d7.js:2:242337
    at async b.remountingOrDifferentAppNotRouteUpdating.u (https://appstoreconnect.apple.com/access/static/js/container.3633b935b1e147d7.js:2:242219) @ https://appstoreconnect.apple.com/access/static/js/container.3633b935b1e147d7.js:1
[    1472ms] [WARNING] An array is needed to render meta tags @ https://appstoreconnect.apple.com/access/static/js/container.3633b935b1e147d7.js:1
[    1478ms] [LOG] {type: INIT, initTimestamp: Mon Jul 27 2026 00:16:33 GMT+0300 (Türkiye Standart Saati), locale: tr-TR, uiVersion: 2622.0.0} @ https://appstoreconnect.apple.com/access/analytics/static/js/App.vendor.react.3ad7440a.chunk.mjs:10290
[    2314ms] [WARNING] Metrics config: No config provided via delegate or fetched via init(), using default/cached config values. @ https://appstoreconnect.apple.com/access/analytics/static/js/App.57418df8.chunk.mjs:791
[    2898ms] [WARNING] Unable to uniformly space by 1: 0,20. Returning un-niced' range: 0,1 @ https://appstoreconnect.apple.com/access/analytics/static/js/App.57418df8.chunk.mjs:791
[    2899ms] [WARNING] Unable to uniformly space by 1: 0,20. Returning un-niced' range: 0,1 @ https://appstoreconnect.apple.com/access/analytics/static/js/App.57418df8.chunk.mjs:791
[    2920ms] [WARNING] Unable to uniformly space by 1: 0,20. Returning un-niced' range: 0,1 @ https://appstoreconnect.apple.com/access/analytics/static/js/App.57418df8.chunk.mjs:791
[    3052ms] [WARNING] Unable to uniformly space by 1: 0,20. Returning un-niced' range: 0,1 @ https://appstoreconnect.apple.com/access/analytics/static/js/App.57418df8.chunk.mjs:791
[    3052ms] [WARNING] Unable to uniformly space by 1: 0,20. Returning un-niced' range: 0,1 @ https://appstoreconnect.apple.com/access/analytics/static/js/App.57418df8.chunk.mjs:791
[    3064ms] [WARNING] Unable to uniformly space by 1: 0,20. Returning un-niced' range: 0,1 @ https://appstoreconnect.apple.com/access/analytics/static/js/App.57418df8.chunk.mjs:791
