[     407ms] [ERROR] Failed to load resource: net::ERR_FAILED @ https://gc.kis.v2.scr.kaspersky-labs.com/7D8B79A2-8974-4D7B-A76A-F4F29624C06BqDzAA2bNZW5Y9BvovREQKDd0IIMhSqVBx8kLLSrQb34icLK_wDNyIjlBEN0aPTS4vESt0Y1ZSFxkVJo2HoAM5g/init?data=eyJ1cmwiOiJodHRwczovL2FwcHN0b3JlY29ubmVjdC5hcHBsZS5jb20vYXBwcy82Nzg5OTEzMTg2L2Rpc3RyaWJ1dGlvbi9pb3MvdmVyc2lvbi9pbmZsaWdodCIsInBsdWdpbnMiOiJ3c20md250JmNhJnZzJnVhJmFibiZhYm5fc2hhZG93JmNiIiwiZGF0YSI6eyJkYXRhIjpbeyJwbHVnaW4iOiJ3c20iLCJwYXJhbWV0ZXJzIjoie1wicmVmZXJyZXJcIjpcIlwiLFwic3R1YklkXCI6XCJcIn0ifSx7InBsdWdpbiI6IndudCIsInBhcmFtZXRlcnMiOiJ7XCJyZWZlcnJlclwiOlwiXCJ9In0seyJwbHVnaW4iOiJ1YSIsInBhcmFtZXRlcnMiOiJ7fSJ9LHsicGx1Z2luIjoiYWJuIiwicGFyYW1ldGVycyI6IntcImlzQ3NzVXJsSW5qZWN0ZWRcIjpmYWxzZX0ifSx7InBsdWdpbiI6ImFibl9zaGFkb3ciLCJwYXJhbWV0ZXJzIjoie1wiaXNDc3NVcmxJbmplY3RlZFwiOmZhbHNlfSJ9XX0sImlzVG9wTGV2ZWwiOnRydWUsInBhZ2VTdGFydFRpbWUiOjAsIm5hdmlnYXRpb25TdGFydFRpbWUiOjE3ODQxODYyODcyNDF9&nocache=1159e&tm=2026-07-16T07%3A18%3A07.620Z:0
[     413ms] [ERROR] Failed to load resource: net::ERR_FAILED @ https://gc.kis.v2.scr.kaspersky-labs.com/7D8B79A2-8974-4D7B-A76A-F4F29624C06BqDzAA2bNZW5Y9BvovREQKDd0IIMhSqVBx8kLLSrQb34icLK_wDNyIjlBEN0aPTS4vESt0Y1ZSFxkVJo2HoAM5g/init?data=eyJ1cmwiOiJodHRwczovL2FwcHN0b3JlY29ubmVjdC5hcHBsZS5jb20vYXBwcy82Nzg5OTEzMTg2L2Rpc3RyaWJ1dGlvbi9pb3MvdmVyc2lvbi9pbmZsaWdodCIsInBsdWdpbnMiOiJ3c20md250JmNhJnZzJnVhJmFibiZhYm5fc2hhZG93JmNiIiwiZGF0YSI6eyJkYXRhIjpbeyJwbHVnaW4iOiJ3c20iLCJwYXJhbWV0ZXJzIjoie1wicmVmZXJyZXJcIjpcIlwiLFwic3R1YklkXCI6XCJcIn0ifSx7InBsdWdpbiI6IndudCIsInBhcmFtZXRlcnMiOiJ7XCJyZWZlcnJlclwiOlwiXCJ9In0seyJwbHVnaW4iOiJ1YSIsInBhcmFtZXRlcnMiOiJ7fSJ9LHsicGx1Z2luIjoiYWJuIiwicGFyYW1ldGVycyI6IntcImlzQ3NzVXJsSW5qZWN0ZWRcIjpmYWxzZX0ifSx7InBsdWdpbiI6ImFibl9zaGFkb3ciLCJwYXJhbWV0ZXJzIjoie1wiaXNDc3NVcmxJbmplY3RlZFwiOmZhbHNlfSJ9XX0sImlzVG9wTGV2ZWwiOnRydWUsInBhZ2VTdGFydFRpbWUiOjAsIm5hdmlnYXRpb25TdGFydFRpbWUiOjE3ODQxODYyODcyNDF9&nocache=1ff27&tm=2026-07-16T07%3A18%3A07.636Z&second=true:0
[     473ms] [WARNING] document.domain mutation is ignored because the surrounding agent cluster is origin-keyed. @ https://appstoreconnect.apple.com/access/static/js/container.3633b935b1e147d7.js:1
[     496ms] [WARNING] Metrics config: No config provided via delegate or fetched via init(), using default/cached config values. @ https://appstoreconnect.apple.com/access/static/js/344.d09a59ff782b29d1.js:0
[     915ms] [WARNING] <meta name="apple-mobile-web-app-capable" content="yes"> is deprecated. Please include <meta name="mobile-web-app-capable" content="yes"> @ https://appstoreconnect.apple.com/apps/6789913186/distribution/ios/version/inflight:0
[    1973ms] [WARNING] An array is needed to render meta tags @ https://appstoreconnect.apple.com/access/static/js/container.3633b935b1e147d7.js:1
[    4003ms] [WARNING] eventQueue overflow, deleting LRU events: size is: 101 which is over max size: 100 @ https://appstoreconnect.apple.com/access/static/js/container.3633b935b1e147d7.js:1
[    4274ms] [WARNING] eventQueue overflow, deleting LRU events: size is: 101 which is over max size: 100 @ https://appstoreconnect.apple.com/access/static/js/container.3633b935b1e147d7.js:1
[    4274ms] [WARNING] eventQueue overflow, deleting LRU events: size is: 101 which is over max size: 100 @ https://appstoreconnect.apple.com/access/static/js/container.3633b935b1e147d7.js:1
[    4360ms] [WARNING] eventQueue overflow, deleting LRU events: size is: 101 which is over max size: 100 @ https://appstoreconnect.apple.com/access/static/js/container.3633b935b1e147d7.js:1
[    4361ms] [WARNING] eventQueue overflow, deleting LRU events: size is: 101 which is over max size: 100 @ https://appstoreconnect.apple.com/access/static/js/container.3633b935b1e147d7.js:1
[    4362ms] [WARNING] eventQueue overflow, deleting LRU events: size is: 101 which is over max size: 100 @ https://appstoreconnect.apple.com/access/static/js/container.3633b935b1e147d7.js:1
[    4364ms] [WARNING] eventQueue overflow, deleting LRU events: size is: 101 which is over max size: 100 @ https://appstoreconnect.apple.com/access/static/js/container.3633b935b1e147d7.js:1
[    4364ms] [WARNING] eventQueue overflow, deleting LRU events: size is: 101 which is over max size: 100 @ https://appstoreconnect.apple.com/access/static/js/container.3633b935b1e147d7.js:1
[    4365ms] [WARNING] eventQueue overflow, deleting LRU events: size is: 101 which is over max size: 100 @ https://appstoreconnect.apple.com/access/static/js/container.3633b935b1e147d7.js:1
[    4365ms] [WARNING] eventQueue overflow, deleting LRU events: size is: 101 which is over max size: 100 @ https://appstoreconnect.apple.com/access/static/js/container.3633b935b1e147d7.js:1
[    4366ms] [WARNING] eventQueue overflow, deleting LRU events: size is: 101 which is over max size: 100 @ https://appstoreconnect.apple.com/access/static/js/container.3633b935b1e147d7.js:1
[    4366ms] [WARNING] eventQueue overflow, deleting LRU events: size is: 101 which is over max size: 100 @ https://appstoreconnect.apple.com/access/static/js/container.3633b935b1e147d7.js:1
[    4367ms] [WARNING] eventQueue overflow, deleting LRU events: size is: 101 which is over max size: 100 @ https://appstoreconnect.apple.com/access/static/js/container.3633b935b1e147d7.js:1
[    7499ms] [WARNING] eventQueue overflow, deleting LRU events: size is: 101 which is over max size: 100 @ https://appstoreconnect.apple.com/access/static/js/container.3633b935b1e147d7.js:1
[    7613ms] [WARNING] eventQueue overflow, deleting LRU events: size is: 101 which is over max size: 100 @ https://appstoreconnect.apple.com/access/static/js/container.3633b935b1e147d7.js:1
[    7613ms] [WARNING] eventQueue overflow, deleting LRU events: size is: 101 which is over max size: 100 @ https://appstoreconnect.apple.com/access/static/js/container.3633b935b1e147d7.js:1
[    7614ms] [WARNING] eventQueue overflow, deleting LRU events: size is: 101 which is over max size: 100 @ https://appstoreconnect.apple.com/access/static/js/container.3633b935b1e147d7.js:1
[    7615ms] [WARNING] eventQueue overflow, deleting LRU events: size is: 101 which is over max size: 100 @ https://appstoreconnect.apple.com/access/static/js/container.3633b935b1e147d7.js:1
[    7616ms] [WARNING] eventQueue overflow, deleting LRU events: size is: 101 which is over max size: 100 @ https://appstoreconnect.apple.com/access/static/js/container.3633b935b1e147d7.js:1
[    7616ms] [WARNING] eventQueue overflow, deleting LRU events: size is: 101 which is over max size: 100 @ https://appstoreconnect.apple.com/access/static/js/container.3633b935b1e147d7.js:1
[    7617ms] [WARNING] eventQueue overflow, deleting LRU events: size is: 101 which is over max size: 100 @ https://appstoreconnect.apple.com/access/static/js/container.3633b935b1e147d7.js:1
[    7618ms] [WARNING] eventQueue overflow, deleting LRU events: size is: 101 which is over max size: 100 @ https://appstoreconnect.apple.com/access/static/js/container.3633b935b1e147d7.js:1
[    7618ms] [WARNING] eventQueue overflow, deleting LRU events: size is: 101 which is over max size: 100 @ https://appstoreconnect.apple.com/access/static/js/container.3633b935b1e147d7.js:1
[    7619ms] [WARNING] eventQueue overflow, deleting LRU events: size is: 101 which is over max size: 100 @ https://appstoreconnect.apple.com/access/static/js/container.3633b935b1e147d7.js:1
[    7620ms] [WARNING] eventQueue overflow, deleting LRU events: size is: 101 which is over max size: 100 @ https://appstoreconnect.apple.com/access/static/js/container.3633b935b1e147d7.js:1
[    7620ms] [WARNING] eventQueue overflow, deleting LRU events: size is: 101 which is over max size: 100 @ https://appstoreconnect.apple.com/access/static/js/container.3633b935b1e147d7.js:1
[    7621ms] [WARNING] eventQueue overflow, deleting LRU events: size is: 101 which is over max size: 100 @ https://appstoreconnect.apple.com/access/static/js/container.3633b935b1e147d7.js:1
[    7622ms] [WARNING] eventQueue overflow, deleting LRU events: size is: 101 which is over max size: 100 @ https://appstoreconnect.apple.com/access/static/js/container.3633b935b1e147d7.js:1
[    7622ms] [WARNING] eventQueue overflow, deleting LRU events: size is: 101 which is over max size: 100 @ https://appstoreconnect.apple.com/access/static/js/container.3633b935b1e147d7.js:1
[    7623ms] [WARNING] eventQueue overflow, deleting LRU events: size is: 101 which is over max size: 100 @ https://appstoreconnect.apple.com/access/static/js/container.3633b935b1e147d7.js:1
[    7624ms] [WARNING] eventQueue overflow, deleting LRU events: size is: 101 which is over max size: 100 @ https://appstoreconnect.apple.com/access/static/js/container.3633b935b1e147d7.js:1
[    8502ms] [WARNING] eventQueue overflow, deleting LRU events: size is: 101 which is over max size: 100 @ https://appstoreconnect.apple.com/access/static/js/container.3633b935b1e147d7.js:1
[    8503ms] [WARNING] eventQueue overflow, deleting LRU events: size is: 101 which is over max size: 100 @ https://appstoreconnect.apple.com/access/static/js/container.3633b935b1e147d7.js:1
[    8503ms] [WARNING] eventQueue overflow, deleting LRU events: size is: 101 which is over max size: 100 @ https://appstoreconnect.apple.com/access/static/js/container.3633b935b1e147d7.js:1
[    8504ms] [WARNING] eventQueue overflow, deleting LRU events: size is: 101 which is over max size: 100 @ https://appstoreconnect.apple.com/access/static/js/container.3633b935b1e147d7.js:1
[    8505ms] [WARNING] eventQueue overflow, deleting LRU events: size is: 101 which is over max size: 100 @ https://appstoreconnect.apple.com/access/static/js/container.3633b935b1e147d7.js:1
[    8506ms] [WARNING] eventQueue overflow, deleting LRU events: size is: 101 which is over max size: 100 @ https://appstoreconnect.apple.com/access/static/js/container.3633b935b1e147d7.js:1
[    8507ms] [WARNING] eventQueue overflow, deleting LRU events: size is: 101 which is over max size: 100 @ https://appstoreconnect.apple.com/access/static/js/container.3633b935b1e147d7.js:1
[    8507ms] [WARNING] eventQueue overflow, deleting LRU events: size is: 101 which is over max size: 100 @ https://appstoreconnect.apple.com/access/static/js/container.3633b935b1e147d7.js:1
[    8508ms] [WARNING] eventQueue overflow, deleting LRU events: size is: 101 which is over max size: 100 @ https://appstoreconnect.apple.com/access/static/js/container.3633b935b1e147d7.js:1
[    8509ms] [WARNING] eventQueue overflow, deleting LRU events: size is: 101 which is over max size: 100 @ https://appstoreconnect.apple.com/access/static/js/container.3633b935b1e147d7.js:1
[    8509ms] [WARNING] eventQueue overflow, deleting LRU events: size is: 101 which is over max size: 100 @ https://appstoreconnect.apple.com/access/static/js/container.3633b935b1e147d7.js:1
[    8510ms] [WARNING] eventQueue overflow, deleting LRU events: size is: 101 which is over max size: 100 @ https://appstoreconnect.apple.com/access/static/js/container.3633b935b1e147d7.js:1
[    8511ms] [WARNING] eventQueue overflow, deleting LRU events: size is: 101 which is over max size: 100 @ https://appstoreconnect.apple.com/access/static/js/container.3633b935b1e147d7.js:1
[    8511ms] [WARNING] eventQueue overflow, deleting LRU events: size is: 101 which is over max size: 100 @ https://appstoreconnect.apple.com/access/static/js/container.3633b935b1e147d7.js:1
[    8512ms] [WARNING] eventQueue overflow, deleting LRU events: size is: 101 which is over max size: 100 @ https://appstoreconnect.apple.com/access/static/js/container.3633b935b1e147d7.js:1
[    8513ms] [WARNING] eventQueue overflow, deleting LRU events: size is: 101 which is over max size: 100 @ https://appstoreconnect.apple.com/access/static/js/container.3633b935b1e147d7.js:1
[    8515ms] [WARNING] eventQueue overflow, deleting LRU events: size is: 101 which is over max size: 100 @ https://appstoreconnect.apple.com/access/static/js/container.3633b935b1e147d7.js:1
[    8516ms] [WARNING] eventQueue overflow, deleting LRU events: size is: 101 which is over max size: 100 @ https://appstoreconnect.apple.com/access/static/js/container.3633b935b1e147d7.js:1
[    8517ms] [WARNING] eventQueue overflow, deleting LRU events: size is: 101 which is over max size: 100 @ https://appstoreconnect.apple.com/access/static/js/container.3633b935b1e147d7.js:1
[    8517ms] [WARNING] eventQueue overflow, deleting LRU events: size is: 101 which is over max size: 100 @ https://appstoreconnect.apple.com/access/static/js/container.3633b935b1e147d7.js:1
[    8518ms] [WARNING] eventQueue overflow, deleting LRU events: size is: 101 which is over max size: 100 @ https://appstoreconnect.apple.com/access/static/js/container.3633b935b1e147d7.js:1
[    8519ms] [WARNING] eventQueue overflow, deleting LRU events: size is: 101 which is over max size: 100 @ https://appstoreconnect.apple.com/access/static/js/container.3633b935b1e147d7.js:1
[    8519ms] [WARNING] eventQueue overflow, deleting LRU events: size is: 101 which is over max size: 100 @ https://appstoreconnect.apple.com/access/static/js/container.3633b935b1e147d7.js:1
[    8520ms] [WARNING] eventQueue overflow, deleting LRU events: size is: 101 which is over max size: 100 @ https://appstoreconnect.apple.com/access/static/js/container.3633b935b1e147d7.js:1
[    8521ms] [WARNING] eventQueue overflow, deleting LRU events: size is: 101 which is over max size: 100 @ https://appstoreconnect.apple.com/access/static/js/container.3633b935b1e147d7.js:1
[    8521ms] [WARNING] eventQueue overflow, deleting LRU events: size is: 101 which is over max size: 100 @ https://appstoreconnect.apple.com/access/static/js/container.3633b935b1e147d7.js:1
[    8523ms] [WARNING] eventQueue overflow, deleting LRU events: size is: 101 which is over max size: 100 @ https://appstoreconnect.apple.com/access/static/js/container.3633b935b1e147d7.js:1
[    8524ms] [WARNING] eventQueue overflow, deleting LRU events: size is: 101 which is over max size: 100 @ https://appstoreconnect.apple.com/access/static/js/container.3633b935b1e147d7.js:1
[    8524ms] [WARNING] eventQueue overflow, deleting LRU events: size is: 101 which is over max size: 100 @ https://appstoreconnect.apple.com/access/static/js/container.3633b935b1e147d7.js:1
[    8525ms] [WARNING] eventQueue overflow, deleting LRU events: size is: 101 which is over max size: 100 @ https://appstoreconnect.apple.com/access/static/js/container.3633b935b1e147d7.js:1
[    8526ms] [WARNING] eventQueue overflow, deleting LRU events: size is: 101 which is over max size: 100 @ https://appstoreconnect.apple.com/access/static/js/container.3633b935b1e147d7.js:1
[    8526ms] [WARNING] eventQueue overflow, deleting LRU events: size is: 101 which is over max size: 100 @ https://appstoreconnect.apple.com/access/static/js/container.3633b935b1e147d7.js:1
[    8527ms] [WARNING] eventQueue overflow, deleting LRU events: size is: 101 which is over max size: 100 @ https://appstoreconnect.apple.com/access/static/js/container.3633b935b1e147d7.js:1
[   11736ms] [WARNING] eventQueue overflow, deleting LRU events: size is: 101 which is over max size: 100 @ https://appstoreconnect.apple.com/access/static/js/container.3633b935b1e147d7.js:1
[   11736ms] [WARNING] eventQueue overflow, deleting LRU events: size is: 101 which is over max size: 100 @ https://appstoreconnect.apple.com/access/static/js/container.3633b935b1e147d7.js:1
[   11736ms] [WARNING] eventQueue overflow, deleting LRU events: size is: 101 which is over max size: 100 @ https://appstoreconnect.apple.com/access/static/js/container.3633b935b1e147d7.js:1
[   12315ms] [WARNING] eventQueue overflow, deleting LRU events: size is: 101 which is over max size: 100 @ https://appstoreconnect.apple.com/access/static/js/container.3633b935b1e147d7.js:1
[   12315ms] [WARNING] eventQueue overflow, deleting LRU events: size is: 101 which is over max size: 100 @ https://appstoreconnect.apple.com/access/static/js/container.3633b935b1e147d7.js:1
[   12315ms] [WARNING] eventQueue overflow, deleting LRU events: size is: 101 which is over max size: 100 @ https://appstoreconnect.apple.com/access/static/js/container.3633b935b1e147d7.js:1
[   12316ms] [WARNING] eventQueue overflow, deleting LRU events: size is: 101 which is over max size: 100 @ https://appstoreconnect.apple.com/access/static/js/container.3633b935b1e147d7.js:1
[   12317ms] [WARNING] eventQueue overflow, deleting LRU events: size is: 101 which is over max size: 100 @ https://appstoreconnect.apple.com/access/static/js/container.3633b935b1e147d7.js:1
[   12318ms] [WARNING] eventQueue overflow, deleting LRU events: size is: 101 which is over max size: 100 @ https://appstoreconnect.apple.com/access/static/js/container.3633b935b1e147d7.js:1
[   12318ms] [WARNING] eventQueue overflow, deleting LRU events: size is: 101 which is over max size: 100 @ https://appstoreconnect.apple.com/access/static/js/container.3633b935b1e147d7.js:1
[   12319ms] [WARNING] eventQueue overflow, deleting LRU events: size is: 101 which is over max size: 100 @ https://appstoreconnect.apple.com/access/static/js/container.3633b935b1e147d7.js:1
[   12319ms] [WARNING] eventQueue overflow, deleting LRU events: size is: 101 which is over max size: 100 @ https://appstoreconnect.apple.com/access/static/js/container.3633b935b1e147d7.js:1
[   12320ms] [WARNING] eventQueue overflow, deleting LRU events: size is: 101 which is over max size: 100 @ https://appstoreconnect.apple.com/access/static/js/container.3633b935b1e147d7.js:1
[   12320ms] [WARNING] eventQueue overflow, deleting LRU events: size is: 101 which is over max size: 100 @ https://appstoreconnect.apple.com/access/static/js/container.3633b935b1e147d7.js:1
[   12321ms] [WARNING] eventQueue overflow, deleting LRU events: size is: 101 which is over max size: 100 @ https://appstoreconnect.apple.com/access/static/js/container.3633b935b1e147d7.js:1
[   12321ms] [WARNING] eventQueue overflow, deleting LRU events: size is: 101 which is over max size: 100 @ https://appstoreconnect.apple.com/access/static/js/container.3633b935b1e147d7.js:1
[   12322ms] [WARNING] eventQueue overflow, deleting LRU events: size is: 101 which is over max size: 100 @ https://appstoreconnect.apple.com/access/static/js/container.3633b935b1e147d7.js:1
[   12322ms] [WARNING] eventQueue overflow, deleting LRU events: size is: 101 which is over max size: 100 @ https://appstoreconnect.apple.com/access/static/js/container.3633b935b1e147d7.js:1
[   13255ms] [WARNING] eventQueue overflow, deleting LRU events: size is: 101 which is over max size: 100 @ https://appstoreconnect.apple.com/access/static/js/container.3633b935b1e147d7.js:1
[   13255ms] [WARNING] eventQueue overflow, deleting LRU events: size is: 101 which is over max size: 100 @ https://appstoreconnect.apple.com/access/static/js/container.3633b935b1e147d7.js:1
[   13256ms] [WARNING] eventQueue overflow, deleting LRU events: size is: 101 which is over max size: 100 @ https://appstoreconnect.apple.com/access/static/js/container.3633b935b1e147d7.js:1
[   13256ms] [WARNING] eventQueue overflow, deleting LRU events: size is: 101 which is over max size: 100 @ https://appstoreconnect.apple.com/access/static/js/container.3633b935b1e147d7.js:1
[   14185ms] [ERROR] Failed to load resource: the server responded with a status of 404 () @ https://appstoreconnect.apple.com/partials/app-store/js/date-fns-locale-de-index-js.da22cac8.js:0
[   32050ms] [ERROR] Failed to load resource: net::ERR_FAILED @ https://gc.kis.v2.scr.kaspersky-labs.com/7D8B79A2-8974-4D7B-A76A-F4F29624C06BqDzAA2bNZW5Y9BvovREQKDd0IIMhSqVBx8kLLSrQb34icLK_wDNyIjlBEN0aPTS4vESt0Y1ZSFxkVJo2HoAM5g/init?data=eyJ1cmwiOiJodHRwczovL2FwcHN0b3JlY29ubmVjdC5hcHBsZS5jb20vYXBwcy82Nzg5OTEzMTg2L2Rpc3RyaWJ1dGlvbi9pb3MvdmVyc2lvbi9pbmZsaWdodCIsInBsdWdpbnMiOiJ3c20md250JmNhJnZzJnVhJmFibiZhYm5fc2hhZG93JmNiIiwiZGF0YSI6eyJkYXRhIjpbeyJwbHVnaW4iOiJ3c20iLCJwYXJhbWV0ZXJzIjoie1wicmVmZXJyZXJcIjpcIlwiLFwic3R1YklkXCI6XCJcIn0ifSx7InBsdWdpbiI6IndudCIsInBhcmFtZXRlcnMiOiJ7XCJyZWZlcnJlclwiOlwiXCJ9In0seyJwbHVnaW4iOiJ1YSIsInBhcmFtZXRlcnMiOiJ7fSJ9LHsicGx1Z2luIjoiYWJuIiwicGFyYW1ldGVycyI6IntcImlzQ3NzVXJsSW5qZWN0ZWRcIjpmYWxzZX0ifSx7InBsdWdpbiI6ImFibl9zaGFkb3ciLCJwYXJhbWV0ZXJzIjoie1wiaXNDc3NVcmxJbmplY3RlZFwiOmZhbHNlfSJ9XX0sImlzVG9wTGV2ZWwiOnRydWUsInBhZ2VTdGFydFRpbWUiOjE3ODQxODYyODc3MDcsIm5hdmlnYXRpb25TdGFydFRpbWUiOjE3ODQxODYyODcyNDF9&nocache=1a62f&tm=2026-07-16T07%3A18%3A39.261Z:0
[   32057ms] [ERROR] Failed to load resource: net::ERR_FAILED @ https://gc.kis.v2.scr.kaspersky-labs.com/7D8B79A2-8974-4D7B-A76A-F4F29624C06BqDzAA2bNZW5Y9BvovREQKDd0IIMhSqVBx8kLLSrQb34icLK_wDNyIjlBEN0aPTS4vESt0Y1ZSFxkVJo2HoAM5g/init?data=eyJ1cmwiOiJodHRwczovL2FwcHN0b3JlY29ubmVjdC5hcHBsZS5jb20vYXBwcy82Nzg5OTEzMTg2L2Rpc3RyaWJ1dGlvbi9pb3MvdmVyc2lvbi9pbmZsaWdodCIsInBsdWdpbnMiOiJ3c20md250JmNhJnZzJnVhJmFibiZhYm5fc2hhZG93JmNiIiwiZGF0YSI6eyJkYXRhIjpbeyJwbHVnaW4iOiJ3c20iLCJwYXJhbWV0ZXJzIjoie1wicmVmZXJyZXJcIjpcIlwiLFwic3R1YklkXCI6XCJcIn0ifSx7InBsdWdpbiI6IndudCIsInBhcmFtZXRlcnMiOiJ7XCJyZWZlcnJlclwiOlwiXCJ9In0seyJwbHVnaW4iOiJ1YSIsInBhcmFtZXRlcnMiOiJ7fSJ9LHsicGx1Z2luIjoiYWJuIiwicGFyYW1ldGVycyI6IntcImlzQ3NzVXJsSW5qZWN0ZWRcIjpmYWxzZX0ifSx7InBsdWdpbiI6ImFibl9zaGFkb3ciLCJwYXJhbWV0ZXJzIjoie1wiaXNDc3NVcmxJbmplY3RlZFwiOmZhbHNlfSJ9XX0sImlzVG9wTGV2ZWwiOnRydWUsInBhZ2VTdGFydFRpbWUiOjE3ODQxODYyODc3MDcsIm5hdmlnYXRpb25TdGFydFRpbWUiOjE3ODQxODYyODcyNDF9&nocache=199dd&tm=2026-07-16T07%3A18%3A39.278Z&second=true:0
[   62040ms] [ERROR] Failed to load resource: net::ERR_FAILED @ https://gc.kis.v2.scr.kaspersky-labs.com/7D8B79A2-8974-4D7B-A76A-F4F29624C06BqDzAA2bNZW5Y9BvovREQKDd0IIMhSqVBx8kLLSrQb34icLK_wDNyIjlBEN0aPTS4vESt0Y1ZSFxkVJo2HoAM5g/init?data=eyJ1cmwiOiJodHRwczovL2FwcHN0b3JlY29ubmVjdC5hcHBsZS5jb20vYXBwcy82Nzg5OTEzMTg2L2Rpc3RyaWJ1dGlvbi9pb3MvdmVyc2lvbi9pbmZsaWdodCIsInBsdWdpbnMiOiJ3c20md250JmNhJnZzJnVhJmFibiZhYm5fc2hhZG93JmNiIiwiZGF0YSI6eyJkYXRhIjpbeyJwbHVnaW4iOiJ3c20iLCJwYXJhbWV0ZXJzIjoie1wicmVmZXJyZXJcIjpcIlwiLFwic3R1YklkXCI6XCJcIn0ifSx7InBsdWdpbiI6IndudCIsInBhcmFtZXRlcnMiOiJ7XCJyZWZlcnJlclwiOlwiXCJ9In0seyJwbHVnaW4iOiJ1YSIsInBhcmFtZXRlcnMiOiJ7fSJ9LHsicGx1Z2luIjoiYWJuIiwicGFyYW1ldGVycyI6IntcImlzQ3NzVXJsSW5qZWN0ZWRcIjpmYWxzZX0ifSx7InBsdWdpbiI6ImFibl9zaGFkb3ciLCJwYXJhbWV0ZXJzIjoie1wiaXNDc3NVcmxJbmplY3RlZFwiOmZhbHNlfSJ9XX0sImlzVG9wTGV2ZWwiOnRydWUsInBhZ2VTdGFydFRpbWUiOjE3ODQxODYyODc3MDcsIm5hdmlnYXRpb25TdGFydFRpbWUiOjE3ODQxODYyODcyNDF9&nocache=19f13&tm=2026-07-16T07%3A19%3A09.261Z:0
[   62046ms] [ERROR] Failed to load resource: net::ERR_FAILED @ https://gc.kis.v2.scr.kaspersky-labs.com/7D8B79A2-8974-4D7B-A76A-F4F29624C06BqDzAA2bNZW5Y9BvovREQKDd0IIMhSqVBx8kLLSrQb34icLK_wDNyIjlBEN0aPTS4vESt0Y1ZSFxkVJo2HoAM5g/init?data=eyJ1cmwiOiJodHRwczovL2FwcHN0b3JlY29ubmVjdC5hcHBsZS5jb20vYXBwcy82Nzg5OTEzMTg2L2Rpc3RyaWJ1dGlvbi9pb3MvdmVyc2lvbi9pbmZsaWdodCIsInBsdWdpbnMiOiJ3c20md250JmNhJnZzJnVhJmFibiZhYm5fc2hhZG93JmNiIiwiZGF0YSI6eyJkYXRhIjpbeyJwbHVnaW4iOiJ3c20iLCJwYXJhbWV0ZXJzIjoie1wicmVmZXJyZXJcIjpcIlwiLFwic3R1YklkXCI6XCJcIn0ifSx7InBsdWdpbiI6IndudCIsInBhcmFtZXRlcnMiOiJ7XCJyZWZlcnJlclwiOlwiXCJ9In0seyJwbHVnaW4iOiJ1YSIsInBhcmFtZXRlcnMiOiJ7fSJ9LHsicGx1Z2luIjoiYWJuIiwicGFyYW1ldGVycyI6IntcImlzQ3NzVXJsSW5qZWN0ZWRcIjpmYWxzZX0ifSx7InBsdWdpbiI6ImFibl9zaGFkb3ciLCJwYXJhbWV0ZXJzIjoie1wiaXNDc3NVcmxJbmplY3RlZFwiOmZhbHNlfSJ9XX0sImlzVG9wTGV2ZWwiOnRydWUsInBhZ2VTdGFydFRpbWUiOjE3ODQxODYyODc3MDcsIm5hdmlnYXRpb25TdGFydFRpbWUiOjE3ODQxODYyODcyNDF9&nocache=1ca20&tm=2026-07-16T07%3A19%3A09.268Z&second=true:0
