[    2016ms] [WARNING] An array is needed to render meta tags @ https://unpkg.apple.com/@maison/maison@3.2.6/umd/maison.mjs:0
[    3480ms] [VERBOSE] [DOM] Password field is not contained in a form: (More info: https://goo.gl/9p2vKq) %o @ https://idmsa.apple.com/appleauth/auth/signin?widgetKey=e0b80c3bf78523bfe80974d320935bfa30add02e1bff88ec2166c6bd5a706c42&language=tr_TR&iframeId=auth-8agmdiqb-pbb7-vrh1-mccp-11z78u7s&authVersion=latest:0
[  310253ms] [ERROR] Failed to load resource: net::ERR_FAILED @ https://gc.kis.v2.scr.kaspersky-labs.com/6FA032E5-C968-4736-ACD3-0A27EC38A7BE/A7DFD62D-FFC6-4715-9500-3975CDE024B0/longpooling?get&nocache=1b281&tm=2026-07-17T17%3A46%3A06.491Z:0
[  610490ms] [ERROR] Failed to load resource: net::ERR_FAILED @ https://gc.kis.v2.scr.kaspersky-labs.com/6FA032E5-C968-4736-ACD3-0A27EC38A7BE/A7DFD62D-FFC6-4715-9500-3975CDE024B0/longpooling?get&nocache=1a34c&tm=2026-07-17T17%3A51%3A16.396Z&second=true:0
[  732234ms] [WARNING] document.domain mutation is ignored because the surrounding agent cluster is origin-keyed. @ https://appstoreconnect.apple.com/access/static/js/container.3633b935b1e147d7.js:1
[  732260ms] [WARNING] Metrics config: No config provided via delegate or fetched via init(), using default/cached config values. @ https://appstoreconnect.apple.com/access/static/js/344.d09a59ff782b29d1.js:0
[  732490ms] [WARNING] <meta name="apple-mobile-web-app-capable" content="yes"> is deprecated. Please include <meta name="mobile-web-app-capable" content="yes"> @ https://appstoreconnect.apple.com/?authResult=FAILED&rpf=%2Fapps%2F6789913186%2Fdistribution:0
[  733318ms] [ERROR] error in mw dispatch or next call, probably in middlware/reducer/render fn: TypeError: Failed to execute 'removeChild' on 'Node': parameter 1 is not of type 'Node'.
    at t.value (https://appstoreconnect.apple.com/access/static/js/container.3633b935b1e147d7.js:2:271686)
    at _ (https://appstoreconnect.apple.com/access/static/js/container.3633b935b1e147d7.js:2:274242)
    at https://appstoreconnect.apple.com/access/static/js/container.3633b935b1e147d7.js:2:278235
    at h (https://appstoreconnect.apple.com/access/static/js/container.3633b935b1e147d7.js:2:173959)
    at e._next (https://appstoreconnect.apple.com/access/static/js/container.3633b935b1e147d7.js:2:216478)
    at e.__tryOrUnsub (https://appstoreconnect.apple.com/access/static/js/container.3633b935b1e147d7.js:2:180811)
    at e.next (https://appstoreconnect.apple.com/access/static/js/container.3633b935b1e147d7.js:2:179980)
    at e._next (https://appstoreconnect.apple.com/access/static/js/container.3633b935b1e147d7.js:2:179084)
    at e.next (https://appstoreconnect.apple.com/access/static/js/container.3633b935b1e147d7.js:2:178755)
    at e.notifyNext (https://appstoreconnect.apple.com/access/static/js/container.3633b935b1e147d7.js:2:196091) @ https://appstoreconnect.apple.com/access/static/js/container.3633b935b1e147d7.js:1
[  733333ms] [WARNING] An array is needed to render meta tags @ https://appstoreconnect.apple.com/access/static/js/container.3633b935b1e147d7.js:1
[  733415ms] [ERROR] Failed to load resource: net::ERR_FAILED @ https://gc.kis.v2.scr.kaspersky-labs.com/6FA032E5-C968-4736-ACD3-0A27EC38A7BE/DDAB066B-E46E-4E38-8D2A-4B9326F799C8/to/wsm.onHashChange?tm=2026-07-17T17%3A58%3A19.554Z:0
[  733419ms] [ERROR] Failed to load resource: net::ERR_FAILED @ https://gc.kis.v2.scr.kaspersky-labs.com/6FA032E5-C968-4736-ACD3-0A27EC38A7BE/DDAB066B-E46E-4E38-8D2A-4B9326F799C8/to/wsm.onHashChange?tm=2026-07-17T17%3A58%3A19.558Z&second=true:0
[  733420ms] [ERROR] Failed to load resource: net::ERR_FAILED @ https://gc.kis.v2.scr.kaspersky-labs.com/6FA032E5-C968-4736-ACD3-0A27EC38A7BE/DDAB066B-E46E-4E38-8D2A-4B9326F799C8/to/wsm.onHashChange?tm=2026-07-17T17%3A58%3A19.558Z:0
[  733423ms] [ERROR] Failed to load resource: net::ERR_FAILED @ https://gc.kis.v2.scr.kaspersky-labs.com/6FA032E5-C968-4736-ACD3-0A27EC38A7BE/DDAB066B-E46E-4E38-8D2A-4B9326F799C8/to/wsm.onHashChange?tm=2026-07-17T17%3A58%3A19.562Z&second=true:0
[  733855ms] [ERROR] Failed to load resource: net::ERR_FAILED @ https://gc.kis.v2.scr.kaspersky-labs.com/6FA032E5-C968-4736-ACD3-0A27EC38A7BE/DDAB066B-E46E-4E38-8D2A-4B9326F799C8/to/wsm.onHashChange?tm=2026-07-17T17%3A58%3A19.993Z:0
[  733858ms] [ERROR] Failed to load resource: net::ERR_FAILED @ https://gc.kis.v2.scr.kaspersky-labs.com/6FA032E5-C968-4736-ACD3-0A27EC38A7BE/DDAB066B-E46E-4E38-8D2A-4B9326F799C8/to/wsm.onHashChange?tm=2026-07-17T17%3A58%3A19.997Z&second=true:0
[  735342ms] [WARNING] eventQueue overflow, deleting LRU events: size is: 101 which is over max size: 100 @ https://appstoreconnect.apple.com/access/static/js/container.3633b935b1e147d7.js:1
[  735352ms] [WARNING] eventQueue overflow, deleting LRU events: size is: 101 which is over max size: 100 @ https://appstoreconnect.apple.com/access/static/js/container.3633b935b1e147d7.js:1
[  735381ms] [ERROR] Failed to load resource: net::ERR_FAILED @ https://gc.kis.v2.scr.kaspersky-labs.com/6FA032E5-C968-4736-ACD3-0A27EC38A7BE/DDAB066B-E46E-4E38-8D2A-4B9326F799C8/to/wsm.onHashChange?tm=2026-07-17T17%3A58%3A21.520Z:0
[  735381ms] [WARNING] eventQueue overflow, deleting LRU events: size is: 101 which is over max size: 100 @ https://appstoreconnect.apple.com/access/static/js/container.3633b935b1e147d7.js:1
[  735384ms] [ERROR] Failed to load resource: net::ERR_FAILED @ https://gc.kis.v2.scr.kaspersky-labs.com/6FA032E5-C968-4736-ACD3-0A27EC38A7BE/DDAB066B-E46E-4E38-8D2A-4B9326F799C8/to/wsm.onHashChange?tm=2026-07-17T17%3A58%3A21.523Z&second=true:0
[  735384ms] [WARNING] eventQueue overflow, deleting LRU events: size is: 101 which is over max size: 100 @ https://appstoreconnect.apple.com/access/static/js/container.3633b935b1e147d7.js:1
[  735476ms] [WARNING] eventQueue overflow, deleting LRU events: size is: 101 which is over max size: 100 @ https://appstoreconnect.apple.com/access/static/js/container.3633b935b1e147d7.js:1
[  735521ms] [WARNING] eventQueue overflow, deleting LRU events: size is: 101 which is over max size: 100 @ https://appstoreconnect.apple.com/access/static/js/container.3633b935b1e147d7.js:1
[  735567ms] [WARNING] eventQueue overflow, deleting LRU events: size is: 101 which is over max size: 100 @ https://appstoreconnect.apple.com/access/static/js/container.3633b935b1e147d7.js:1
[  735568ms] [WARNING] eventQueue overflow, deleting LRU events: size is: 101 which is over max size: 100 @ https://appstoreconnect.apple.com/access/static/js/container.3633b935b1e147d7.js:1
[  735577ms] [WARNING] eventQueue overflow, deleting LRU events: size is: 101 which is over max size: 100 @ https://appstoreconnect.apple.com/access/static/js/container.3633b935b1e147d7.js:1
[  735587ms] [WARNING] eventQueue overflow, deleting LRU events: size is: 101 which is over max size: 100 @ https://appstoreconnect.apple.com/access/static/js/container.3633b935b1e147d7.js:1
[  735592ms] [WARNING] eventQueue overflow, deleting LRU events: size is: 101 which is over max size: 100 @ https://appstoreconnect.apple.com/access/static/js/container.3633b935b1e147d7.js:1
[  735592ms] [WARNING] eventQueue overflow, deleting LRU events: size is: 101 which is over max size: 100 @ https://appstoreconnect.apple.com/access/static/js/container.3633b935b1e147d7.js:1
[  735634ms] [WARNING] eventQueue overflow, deleting LRU events: size is: 101 which is over max size: 100 @ https://appstoreconnect.apple.com/access/static/js/container.3633b935b1e147d7.js:1
[  735675ms] [WARNING] eventQueue overflow, deleting LRU events: size is: 101 which is over max size: 100 @ https://appstoreconnect.apple.com/access/static/js/container.3633b935b1e147d7.js:1
[  735717ms] [WARNING] eventQueue overflow, deleting LRU events: size is: 101 which is over max size: 100 @ https://appstoreconnect.apple.com/access/static/js/container.3633b935b1e147d7.js:1
[  735727ms] [WARNING] eventQueue overflow, deleting LRU events: size is: 101 which is over max size: 100 @ https://appstoreconnect.apple.com/access/static/js/container.3633b935b1e147d7.js:1
[  735734ms] [WARNING] eventQueue overflow, deleting LRU events: size is: 101 which is over max size: 100 @ https://appstoreconnect.apple.com/access/static/js/container.3633b935b1e147d7.js:1
[  735753ms] [WARNING] eventQueue overflow, deleting LRU events: size is: 101 which is over max size: 100 @ https://appstoreconnect.apple.com/access/static/js/container.3633b935b1e147d7.js:1
[  735778ms] [WARNING] eventQueue overflow, deleting LRU events: size is: 101 which is over max size: 100 @ https://appstoreconnect.apple.com/access/static/js/container.3633b935b1e147d7.js:1
[  736181ms] [WARNING] eventQueue overflow, deleting LRU events: size is: 101 which is over max size: 100 @ https://appstoreconnect.apple.com/access/static/js/container.3633b935b1e147d7.js:1
[  736182ms] [WARNING] eventQueue overflow, deleting LRU events: size is: 101 which is over max size: 100 @ https://appstoreconnect.apple.com/access/static/js/container.3633b935b1e147d7.js:1
[  736182ms] [WARNING] eventQueue overflow, deleting LRU events: size is: 101 which is over max size: 100 @ https://appstoreconnect.apple.com/access/static/js/container.3633b935b1e147d7.js:1
[  736182ms] [WARNING] eventQueue overflow, deleting LRU events: size is: 101 which is over max size: 100 @ https://appstoreconnect.apple.com/access/static/js/container.3633b935b1e147d7.js:1
[  736182ms] [WARNING] eventQueue overflow, deleting LRU events: size is: 101 which is over max size: 100 @ https://appstoreconnect.apple.com/access/static/js/container.3633b935b1e147d7.js:1
[  736182ms] [WARNING] eventQueue overflow, deleting LRU events: size is: 101 which is over max size: 100 @ https://appstoreconnect.apple.com/access/static/js/container.3633b935b1e147d7.js:1
[  736183ms] [WARNING] eventQueue overflow, deleting LRU events: size is: 101 which is over max size: 100 @ https://appstoreconnect.apple.com/access/static/js/container.3633b935b1e147d7.js:1
[  736183ms] [WARNING] eventQueue overflow, deleting LRU events: size is: 101 which is over max size: 100 @ https://appstoreconnect.apple.com/access/static/js/container.3633b935b1e147d7.js:1
[  736183ms] [WARNING] eventQueue overflow, deleting LRU events: size is: 101 which is over max size: 100 @ https://appstoreconnect.apple.com/access/static/js/container.3633b935b1e147d7.js:1
[  736652ms] [WARNING] eventQueue overflow, deleting LRU events: size is: 101 which is over max size: 100 @ https://appstoreconnect.apple.com/access/static/js/container.3633b935b1e147d7.js:1
[  736652ms] [WARNING] eventQueue overflow, deleting LRU events: size is: 101 which is over max size: 100 @ https://appstoreconnect.apple.com/access/static/js/container.3633b935b1e147d7.js:1
[  736653ms] [WARNING] eventQueue overflow, deleting LRU events: size is: 101 which is over max size: 100 @ https://appstoreconnect.apple.com/access/static/js/container.3633b935b1e147d7.js:1
[  736653ms] [WARNING] eventQueue overflow, deleting LRU events: size is: 101 which is over max size: 100 @ https://appstoreconnect.apple.com/access/static/js/container.3633b935b1e147d7.js:1
[  736653ms] [WARNING] eventQueue overflow, deleting LRU events: size is: 101 which is over max size: 100 @ https://appstoreconnect.apple.com/access/static/js/container.3633b935b1e147d7.js:1
[  736656ms] [ERROR] Failed to load resource: the server responded with a status of 404 () @ https://appstoreconnect.apple.com/partials/app-store/js/date-fns-locale-de-index-js.da22cac8.js:0
[  736684ms] [WARNING] eventQueue overflow, deleting LRU events: size is: 101 which is over max size: 100 @ https://appstoreconnect.apple.com/access/static/js/container.3633b935b1e147d7.js:1
[  736684ms] [WARNING] eventQueue overflow, deleting LRU events: size is: 101 which is over max size: 100 @ https://appstoreconnect.apple.com/access/static/js/container.3633b935b1e147d7.js:1
[  736684ms] [WARNING] eventQueue overflow, deleting LRU events: size is: 101 which is over max size: 100 @ https://appstoreconnect.apple.com/access/static/js/container.3633b935b1e147d7.js:1
[  736684ms] [WARNING] eventQueue overflow, deleting LRU events: size is: 101 which is over max size: 100 @ https://appstoreconnect.apple.com/access/static/js/container.3633b935b1e147d7.js:1
[  736685ms] [WARNING] eventQueue overflow, deleting LRU events: size is: 101 which is over max size: 100 @ https://appstoreconnect.apple.com/access/static/js/container.3633b935b1e147d7.js:1
[  736685ms] [WARNING] eventQueue overflow, deleting LRU events: size is: 101 which is over max size: 100 @ https://appstoreconnect.apple.com/access/static/js/container.3633b935b1e147d7.js:1
[  736685ms] [WARNING] eventQueue overflow, deleting LRU events: size is: 101 which is over max size: 100 @ https://appstoreconnect.apple.com/access/static/js/container.3633b935b1e147d7.js:1
[  736685ms] [WARNING] eventQueue overflow, deleting LRU events: size is: 101 which is over max size: 100 @ https://appstoreconnect.apple.com/access/static/js/container.3633b935b1e147d7.js:1
[  736685ms] [WARNING] eventQueue overflow, deleting LRU events: size is: 101 which is over max size: 100 @ https://appstoreconnect.apple.com/access/static/js/container.3633b935b1e147d7.js:1
[  736685ms] [WARNING] eventQueue overflow, deleting LRU events: size is: 101 which is over max size: 100 @ https://appstoreconnect.apple.com/access/static/js/container.3633b935b1e147d7.js:1
[  736686ms] [WARNING] eventQueue overflow, deleting LRU events: size is: 101 which is over max size: 100 @ https://appstoreconnect.apple.com/access/static/js/container.3633b935b1e147d7.js:1
[  736707ms] [WARNING] eventQueue overflow, deleting LRU events: size is: 101 which is over max size: 100 @ https://appstoreconnect.apple.com/access/static/js/container.3633b935b1e147d7.js:1
[  736707ms] [WARNING] eventQueue overflow, deleting LRU events: size is: 101 which is over max size: 100 @ https://appstoreconnect.apple.com/access/static/js/container.3633b935b1e147d7.js:1
[  736707ms] [WARNING] eventQueue overflow, deleting LRU events: size is: 101 which is over max size: 100 @ https://appstoreconnect.apple.com/access/static/js/container.3633b935b1e147d7.js:1
[  736707ms] [WARNING] eventQueue overflow, deleting LRU events: size is: 101 which is over max size: 100 @ https://appstoreconnect.apple.com/access/static/js/container.3633b935b1e147d7.js:1
[  736726ms] [WARNING] eventQueue overflow, deleting LRU events: size is: 101 which is over max size: 100 @ https://appstoreconnect.apple.com/access/static/js/container.3633b935b1e147d7.js:1
[  736729ms] [WARNING] eventQueue overflow, deleting LRU events: size is: 101 which is over max size: 100 @ https://appstoreconnect.apple.com/access/static/js/container.3633b935b1e147d7.js:1
[  736743ms] [WARNING] eventQueue overflow, deleting LRU events: size is: 101 which is over max size: 100 @ https://appstoreconnect.apple.com/access/static/js/container.3633b935b1e147d7.js:1
[  736752ms] [WARNING] eventQueue overflow, deleting LRU events: size is: 101 which is over max size: 100 @ https://appstoreconnect.apple.com/access/static/js/container.3633b935b1e147d7.js:1
[  736754ms] [WARNING] eventQueue overflow, deleting LRU events: size is: 101 which is over max size: 100 @ https://appstoreconnect.apple.com/access/static/js/container.3633b935b1e147d7.js:1
[  736761ms] [WARNING] eventQueue overflow, deleting LRU events: size is: 101 which is over max size: 100 @ https://appstoreconnect.apple.com/access/static/js/container.3633b935b1e147d7.js:1
[  736825ms] [WARNING] eventQueue overflow, deleting LRU events: size is: 101 which is over max size: 100 @ https://appstoreconnect.apple.com/access/static/js/container.3633b935b1e147d7.js:1
[  736828ms] [WARNING] eventQueue overflow, deleting LRU events: size is: 101 which is over max size: 100 @ https://appstoreconnect.apple.com/access/static/js/container.3633b935b1e147d7.js:1
[  736828ms] [WARNING] eventQueue overflow, deleting LRU events: size is: 101 which is over max size: 100 @ https://appstoreconnect.apple.com/access/static/js/container.3633b935b1e147d7.js:1
[  736834ms] [WARNING] eventQueue overflow, deleting LRU events: size is: 101 which is over max size: 100 @ https://appstoreconnect.apple.com/access/static/js/container.3633b935b1e147d7.js:1
[  736911ms] [WARNING] eventQueue overflow, deleting LRU events: size is: 101 which is over max size: 100 @ https://appstoreconnect.apple.com/access/static/js/container.3633b935b1e147d7.js:1
[  736934ms] [WARNING] eventQueue overflow, deleting LRU events: size is: 101 which is over max size: 100 @ https://appstoreconnect.apple.com/access/static/js/container.3633b935b1e147d7.js:1
[  736951ms] [WARNING] eventQueue overflow, deleting LRU events: size is: 101 which is over max size: 100 @ https://appstoreconnect.apple.com/access/static/js/container.3633b935b1e147d7.js:1
[  737078ms] [WARNING] eventQueue overflow, deleting LRU events: size is: 101 which is over max size: 100 @ https://appstoreconnect.apple.com/access/static/js/container.3633b935b1e147d7.js:1
[  737190ms] [WARNING] eventQueue overflow, deleting LRU events: size is: 101 which is over max size: 100 @ https://appstoreconnect.apple.com/access/static/js/container.3633b935b1e147d7.js:1
[  737447ms] [WARNING] eventQueue overflow, deleting LRU events: size is: 101 which is over max size: 100 @ https://appstoreconnect.apple.com/access/static/js/container.3633b935b1e147d7.js:1
[  737697ms] [WARNING] eventQueue overflow, deleting LRU events: size is: 101 which is over max size: 100 @ https://appstoreconnect.apple.com/access/static/js/container.3633b935b1e147d7.js:1
[  737960ms] [WARNING] eventQueue overflow, deleting LRU events: size is: 101 which is over max size: 100 @ https://appstoreconnect.apple.com/access/static/js/container.3633b935b1e147d7.js:1
[  738665ms] [WARNING] eventQueue overflow, deleting LRU events: size is: 101 which is over max size: 100 @ https://appstoreconnect.apple.com/access/static/js/container.3633b935b1e147d7.js:1
[  738673ms] [WARNING] eventQueue overflow, deleting LRU events: size is: 101 which is over max size: 100 @ https://appstoreconnect.apple.com/access/static/js/container.3633b935b1e147d7.js:1
[  738673ms] [WARNING] eventQueue overflow, deleting LRU events: size is: 101 which is over max size: 100 @ https://appstoreconnect.apple.com/access/static/js/container.3633b935b1e147d7.js:1
[  738674ms] [WARNING] eventQueue overflow, deleting LRU events: size is: 101 which is over max size: 100 @ https://appstoreconnect.apple.com/access/static/js/container.3633b935b1e147d7.js:1
[  738674ms] [WARNING] eventQueue overflow, deleting LRU events: size is: 101 which is over max size: 100 @ https://appstoreconnect.apple.com/access/static/js/container.3633b935b1e147d7.js:1
[  738674ms] [WARNING] eventQueue overflow, deleting LRU events: size is: 101 which is over max size: 100 @ https://appstoreconnect.apple.com/access/static/js/container.3633b935b1e147d7.js:1
[  738692ms] [ERROR] Failed to load resource: net::ERR_FAILED @ https://gc.kis.v2.scr.kaspersky-labs.com/6FA032E5-C968-4736-ACD3-0A27EC38A7BE/DDAB066B-E46E-4E38-8D2A-4B9326F799C8/to/wsm.onHashChange?tm=2026-07-17T17%3A58%3A24.809Z:0
[  738694ms] [WARNING] eventQueue overflow, deleting LRU events: size is: 101 which is over max size: 100 @ https://appstoreconnect.apple.com/access/static/js/container.3633b935b1e147d7.js:1
[  738698ms] [WARNING] eventQueue overflow, deleting LRU events: size is: 101 which is over max size: 100 @ https://appstoreconnect.apple.com/access/static/js/container.3633b935b1e147d7.js:1
[  738698ms] [WARNING] eventQueue overflow, deleting LRU events: size is: 101 which is over max size: 100 @ https://appstoreconnect.apple.com/access/static/js/container.3633b935b1e147d7.js:1
[  738715ms] [ERROR] Failed to load resource: net::ERR_FAILED @ https://gc.kis.v2.scr.kaspersky-labs.com/6FA032E5-C968-4736-ACD3-0A27EC38A7BE/DDAB066B-E46E-4E38-8D2A-4B9326F799C8/to/wsm.onHashChange?tm=2026-07-17T17%3A58%3A24.835Z&second=true:0
[  738715ms] [WARNING] eventQueue overflow, deleting LRU events: size is: 101 which is over max size: 100 @ https://appstoreconnect.apple.com/access/static/js/container.3633b935b1e147d7.js:1
[  738725ms] [WARNING] eventQueue overflow, deleting LRU events: size is: 101 which is over max size: 100 @ https://appstoreconnect.apple.com/access/static/js/container.3633b935b1e147d7.js:1
[  738725ms] [WARNING] eventQueue overflow, deleting LRU events: size is: 101 which is over max size: 100 @ https://appstoreconnect.apple.com/access/static/js/container.3633b935b1e147d7.js:1
[  738774ms] [WARNING] eventQueue overflow, deleting LRU events: size is: 101 which is over max size: 100 @ https://appstoreconnect.apple.com/access/static/js/container.3633b935b1e147d7.js:1
[  738777ms] [WARNING] eventQueue overflow, deleting LRU events: size is: 101 which is over max size: 100 @ https://appstoreconnect.apple.com/access/static/js/container.3633b935b1e147d7.js:1
[  738784ms] [WARNING] eventQueue overflow, deleting LRU events: size is: 101 which is over max size: 100 @ https://appstoreconnect.apple.com/access/static/js/container.3633b935b1e147d7.js:1
[  738836ms] [WARNING] eventQueue overflow, deleting LRU events: size is: 101 which is over max size: 100 @ https://appstoreconnect.apple.com/access/static/js/container.3633b935b1e147d7.js:1
[  738837ms] [WARNING] eventQueue overflow, deleting LRU events: size is: 101 which is over max size: 100 @ https://appstoreconnect.apple.com/access/static/js/container.3633b935b1e147d7.js:1
[  738976ms] [WARNING] eventQueue overflow, deleting LRU events: size is: 101 which is over max size: 100 @ https://appstoreconnect.apple.com/access/static/js/container.3633b935b1e147d7.js:1
[  738976ms] [WARNING] eventQueue overflow, deleting LRU events: size is: 101 which is over max size: 100 @ https://appstoreconnect.apple.com/access/static/js/container.3633b935b1e147d7.js:1
[  738976ms] [WARNING] eventQueue overflow, deleting LRU events: size is: 101 which is over max size: 100 @ https://appstoreconnect.apple.com/access/static/js/container.3633b935b1e147d7.js:1
[  738976ms] [WARNING] eventQueue overflow, deleting LRU events: size is: 101 which is over max size: 100 @ https://appstoreconnect.apple.com/access/static/js/container.3633b935b1e147d7.js:1
[  738976ms] [WARNING] eventQueue overflow, deleting LRU events: size is: 101 which is over max size: 100 @ https://appstoreconnect.apple.com/access/static/js/container.3633b935b1e147d7.js:1
[  738977ms] [WARNING] eventQueue overflow, deleting LRU events: size is: 101 which is over max size: 100 @ https://appstoreconnect.apple.com/access/static/js/container.3633b935b1e147d7.js:1
[  739027ms] [WARNING] eventQueue overflow, deleting LRU events: size is: 101 which is over max size: 100 @ https://appstoreconnect.apple.com/access/static/js/container.3633b935b1e147d7.js:1
[  739034ms] [WARNING] eventQueue overflow, deleting LRU events: size is: 101 which is over max size: 100 @ https://appstoreconnect.apple.com/access/static/js/container.3633b935b1e147d7.js:1
[  739039ms] [WARNING] eventQueue overflow, deleting LRU events: size is: 101 which is over max size: 100 @ https://appstoreconnect.apple.com/access/static/js/container.3633b935b1e147d7.js:1
[  739039ms] [WARNING] eventQueue overflow, deleting LRU events: size is: 101 which is over max size: 100 @ https://appstoreconnect.apple.com/access/static/js/container.3633b935b1e147d7.js:1
[  739060ms] [WARNING] eventQueue overflow, deleting LRU events: size is: 101 which is over max size: 100 @ https://appstoreconnect.apple.com/access/static/js/container.3633b935b1e147d7.js:1
[  739060ms] [WARNING] eventQueue overflow, deleting LRU events: size is: 101 which is over max size: 100 @ https://appstoreconnect.apple.com/access/static/js/container.3633b935b1e147d7.js:1
[  739060ms] [WARNING] eventQueue overflow, deleting LRU events: size is: 101 which is over max size: 100 @ https://appstoreconnect.apple.com/access/static/js/container.3633b935b1e147d7.js:1
[  739060ms] [WARNING] eventQueue overflow, deleting LRU events: size is: 101 which is over max size: 100 @ https://appstoreconnect.apple.com/access/static/js/container.3633b935b1e147d7.js:1
[  739060ms] [WARNING] eventQueue overflow, deleting LRU events: size is: 101 which is over max size: 100 @ https://appstoreconnect.apple.com/access/static/js/container.3633b935b1e147d7.js:1
[  739065ms] [WARNING] eventQueue overflow, deleting LRU events: size is: 101 which is over max size: 100 @ https://appstoreconnect.apple.com/access/static/js/container.3633b935b1e147d7.js:1
[  739083ms] [WARNING] eventQueue overflow, deleting LRU events: size is: 101 which is over max size: 100 @ https://appstoreconnect.apple.com/access/static/js/container.3633b935b1e147d7.js:1
[  739091ms] [WARNING] eventQueue overflow, deleting LRU events: size is: 101 which is over max size: 100 @ https://appstoreconnect.apple.com/access/static/js/container.3633b935b1e147d7.js:1
[  739100ms] [WARNING] eventQueue overflow, deleting LRU events: size is: 101 which is over max size: 100 @ https://appstoreconnect.apple.com/access/static/js/container.3633b935b1e147d7.js:1
[  739110ms] [WARNING] eventQueue overflow, deleting LRU events: size is: 101 which is over max size: 100 @ https://appstoreconnect.apple.com/access/static/js/container.3633b935b1e147d7.js:1
[  739130ms] [WARNING] eventQueue overflow, deleting LRU events: size is: 101 which is over max size: 100 @ https://appstoreconnect.apple.com/access/static/js/container.3633b935b1e147d7.js:1
[  739133ms] [WARNING] eventQueue overflow, deleting LRU events: size is: 101 which is over max size: 100 @ https://appstoreconnect.apple.com/access/static/js/container.3633b935b1e147d7.js:1
[  739146ms] [ERROR] Failed to load resource: net::ERR_FAILED @ https://gc.kis.v2.scr.kaspersky-labs.com/6FA032E5-C968-4736-ACD3-0A27EC38A7BE/DDAB066B-E46E-4E38-8D2A-4B9326F799C8/to/wsm.sessionDeactivated?tm=2026-07-17T17%3A58%3A25.281Z:0
[  739147ms] [WARNING] eventQueue overflow, deleting LRU events: size is: 101 which is over max size: 100 @ https://appstoreconnect.apple.com/access/static/js/container.3633b935b1e147d7.js:1
[  739156ms] [WARNING] eventQueue overflow, deleting LRU events: size is: 101 which is over max size: 100 @ https://appstoreconnect.apple.com/access/static/js/container.3633b935b1e147d7.js:1
[  739160ms] [ERROR] Failed to load resource: net::ERR_FAILED @ https://gc.kis.v2.scr.kaspersky-labs.com/6FA032E5-C968-4736-ACD3-0A27EC38A7BE/DDAB066B-E46E-4E38-8D2A-4B9326F799C8/to/wsm.sessionDeactivated?tm=2026-07-17T17%3A58%3A25.287Z&second=true:0
[  739161ms] [WARNING] eventQueue overflow, deleting LRU events: size is: 101 which is over max size: 100 @ https://appstoreconnect.apple.com/access/static/js/container.3633b935b1e147d7.js:1
[  739222ms] [WARNING] eventQueue overflow, deleting LRU events: size is: 101 which is over max size: 100 @ https://appstoreconnect.apple.com/access/static/js/container.3633b935b1e147d7.js:1
[  739234ms] [WARNING] eventQueue overflow, deleting LRU events: size is: 101 which is over max size: 100 @ https://appstoreconnect.apple.com/access/static/js/container.3633b935b1e147d7.js:1
[  739235ms] [WARNING] eventQueue overflow, deleting LRU events: size is: 101 which is over max size: 100 @ https://appstoreconnect.apple.com/access/static/js/container.3633b935b1e147d7.js:1
[  739240ms] [WARNING] eventQueue overflow, deleting LRU events: size is: 101 which is over max size: 100 @ https://appstoreconnect.apple.com/access/static/js/container.3633b935b1e147d7.js:1
[  739288ms] [WARNING] eventQueue overflow, deleting LRU events: size is: 101 which is over max size: 100 @ https://appstoreconnect.apple.com/access/static/js/container.3633b935b1e147d7.js:1
[  739290ms] [WARNING] eventQueue overflow, deleting LRU events: size is: 101 which is over max size: 100 @ https://appstoreconnect.apple.com/access/static/js/container.3633b935b1e147d7.js:1
[  740424ms] [WARNING] eventQueue overflow, deleting LRU events: size is: 101 which is over max size: 100 @ https://appstoreconnect.apple.com/access/static/js/container.3633b935b1e147d7.js:1
[  740491ms] [WARNING] eventQueue overflow, deleting LRU events: size is: 101 which is over max size: 100 @ https://appstoreconnect.apple.com/access/static/js/container.3633b935b1e147d7.js:1
[  740491ms] [WARNING] eventQueue overflow, deleting LRU events: size is: 101 which is over max size: 100 @ https://appstoreconnect.apple.com/access/static/js/container.3633b935b1e147d7.js:1
[  740491ms] [WARNING] eventQueue overflow, deleting LRU events: size is: 101 which is over max size: 100 @ https://appstoreconnect.apple.com/access/static/js/container.3633b935b1e147d7.js:1
[  740491ms] [WARNING] eventQueue overflow, deleting LRU events: size is: 101 which is over max size: 100 @ https://appstoreconnect.apple.com/access/static/js/container.3633b935b1e147d7.js:1
[  740694ms] [WARNING] eventQueue overflow, deleting LRU events: size is: 101 which is over max size: 100 @ https://appstoreconnect.apple.com/access/static/js/container.3633b935b1e147d7.js:1
[  740694ms] [WARNING] eventQueue overflow, deleting LRU events: size is: 101 which is over max size: 100 @ https://appstoreconnect.apple.com/access/static/js/container.3633b935b1e147d7.js:1
[  740694ms] [WARNING] eventQueue overflow, deleting LRU events: size is: 101 which is over max size: 100 @ https://appstoreconnect.apple.com/access/static/js/container.3633b935b1e147d7.js:1
[  740694ms] [WARNING] eventQueue overflow, deleting LRU events: size is: 101 which is over max size: 100 @ https://appstoreconnect.apple.com/access/static/js/container.3633b935b1e147d7.js:1
[  740695ms] [WARNING] eventQueue overflow, deleting LRU events: size is: 101 which is over max size: 100 @ https://appstoreconnect.apple.com/access/static/js/container.3633b935b1e147d7.js:1
[  740695ms] [WARNING] eventQueue overflow, deleting LRU events: size is: 101 which is over max size: 100 @ https://appstoreconnect.apple.com/access/static/js/container.3633b935b1e147d7.js:1
[  740696ms] [WARNING] eventQueue overflow, deleting LRU events: size is: 101 which is over max size: 100 @ https://appstoreconnect.apple.com/access/static/js/container.3633b935b1e147d7.js:1
[  740696ms] [WARNING] eventQueue overflow, deleting LRU events: size is: 101 which is over max size: 100 @ https://appstoreconnect.apple.com/access/static/js/container.3633b935b1e147d7.js:1
[  740696ms] [WARNING] eventQueue overflow, deleting LRU events: size is: 101 which is over max size: 100 @ https://appstoreconnect.apple.com/access/static/js/container.3633b935b1e147d7.js:1
[  740697ms] [WARNING] eventQueue overflow, deleting LRU events: size is: 101 which is over max size: 100 @ https://appstoreconnect.apple.com/access/static/js/container.3633b935b1e147d7.js:1
[  741021ms] [WARNING] eventQueue overflow, deleting LRU events: size is: 101 which is over max size: 100 @ https://appstoreconnect.apple.com/access/static/js/container.3633b935b1e147d7.js:1
[  741021ms] [WARNING] eventQueue overflow, deleting LRU events: size is: 101 which is over max size: 100 @ https://appstoreconnect.apple.com/access/static/js/container.3633b935b1e147d7.js:1
[  741021ms] [WARNING] eventQueue overflow, deleting LRU events: size is: 101 which is over max size: 100 @ https://appstoreconnect.apple.com/access/static/js/container.3633b935b1e147d7.js:1
[  741021ms] [WARNING] eventQueue overflow, deleting LRU events: size is: 101 which is over max size: 100 @ https://appstoreconnect.apple.com/access/static/js/container.3633b935b1e147d7.js:1
[  741021ms] [WARNING] eventQueue overflow, deleting LRU events: size is: 101 which is over max size: 100 @ https://appstoreconnect.apple.com/access/static/js/container.3633b935b1e147d7.js:1
[  741022ms] [WARNING] eventQueue overflow, deleting LRU events: size is: 101 which is over max size: 100 @ https://appstoreconnect.apple.com/access/static/js/container.3633b935b1e147d7.js:1
[  741029ms] [WARNING] eventQueue overflow, deleting LRU events: size is: 101 which is over max size: 100 @ https://appstoreconnect.apple.com/access/static/js/container.3633b935b1e147d7.js:1
[  741350ms] [WARNING] eventQueue overflow, deleting LRU events: size is: 101 which is over max size: 100 @ https://appstoreconnect.apple.com/access/static/js/container.3633b935b1e147d7.js:1
[ 1040958ms] [ERROR] Failed to load resource: net::ERR_FAILED @ https://gc.kis.v2.scr.kaspersky-labs.com/6FA032E5-C968-4736-ACD3-0A27EC38A7BE/DDAB066B-E46E-4E38-8D2A-4B9326F799C8/longpooling?get&nocache=14595&tm=2026-07-17T17%3A58%3A18.630Z:0
[ 1040984ms] [ERROR] Failed to load resource: net::ERR_FAILED @ https://gc.kis.v2.scr.kaspersky-labs.com/6FA032E5-C968-4736-ACD3-0A27EC38A7BE/DDAB066B-E46E-4E38-8D2A-4B9326F799C8/longpooling?get&nocache=1caad&tm=2026-07-17T18%3A03%3A27.100Z&second=true:0
[ 1161147ms] [ERROR] Failed to load resource: net::ERR_FAILED @ https://gc.kis.v2.scr.kaspersky-labs.com/7D8B79A2-8974-4D7B-A76A-F4F29624C06BG5487kpCaKyXh30zVMo2ZR5xlPz6lCiNsq-jZuvHziQd5jgcZu1bB7dvATksEYnEAPWTh7jAqS4fj3Eor5kbuw/init?data=eyJ1cmwiOiJodHRwczovL2FwcHN0b3JlY29ubmVjdC5hcHBsZS5jb20vP2F1dGhSZXN1bHQ9RkFJTEVEJnJwZj0lMkZhcHBzJTJGNjc4OTkxMzE4NiUyRmRpc3RyaWJ1dGlvbiIsInBsdWdpbnMiOiJ3c20md250JmNhJnZzJmFibiZhYm5fc2hhZG93JnVhJmNiIiwiZGF0YSI6eyJkYXRhIjpbeyJwbHVnaW4iOiJ3c20iLCJwYXJhbWV0ZXJzIjoie1wicmVmZXJyZXJcIjpcImh0dHBzOi8vYXBwc3RvcmVjb25uZWN0LmFwcGxlLmNvbS9sb2dpbj90YXJnZXRVcmw9JTJGYXBwcyUyRjY3ODk5MTMxODYlMkZkaXN0cmlidXRpb24mYXV0aFJlc3VsdD1GQUlMRURcIixcInN0dWJJZFwiOlwiXCJ9In0seyJwbHVnaW4iOiJ3bnQiLCJwYXJhbWV0ZXJzIjoie1wicmVmZXJyZXJcIjpcImh0dHBzOi8vYXBwc3RvcmVjb25uZWN0LmFwcGxlLmNvbS9sb2dpbj90YXJnZXRVcmw9JTJGYXBwcyUyRjY3ODk5MTMxODYlMkZkaXN0cmlidXRpb24mYXV0aFJlc3VsdD1GQUlMRURcIn0ifSx7InBsdWdpbiI6ImFibiIsInBhcmFtZXRlcnMiOiJ7XCJpc0Nzc1VybEluamVjdGVkXCI6ZmFsc2V9In0seyJwbHVnaW4iOiJhYm5fc2hhZG93IiwicGFyYW1ldGVycyI6IntcImlzQ3NzVXJsSW5qZWN0ZWRcIjpmYWxzZX0ifSx7InBsdWdpbiI6InVhIiwicGFyYW1ldGVycyI6Int9In1dfSwiaXNUb3BMZXZlbCI6dHJ1ZSwicGFnZVN0YXJ0VGltZSI6MTc4NDMxMTA5ODM4MywibmF2aWdhdGlvblN0YXJ0VGltZSI6MTc4NDMxMTA5Nzc3N30%3D&nocache=1ba01&tm=2026-07-17T18%3A05%3A27.278Z:0
[ 1161187ms] [ERROR] Failed to load resource: net::ERR_FAILED @ https://gc.kis.v2.scr.kaspersky-labs.com/7D8B79A2-8974-4D7B-A76A-F4F29624C06BG5487kpCaKyXh30zVMo2ZR5xlPz6lCiNsq-jZuvHziQd5jgcZu1bB7dvATksEYnEAPWTh7jAqS4fj3Eor5kbuw/init?data=eyJ1cmwiOiJodHRwczovL2FwcHN0b3JlY29ubmVjdC5hcHBsZS5jb20vP2F1dGhSZXN1bHQ9RkFJTEVEJnJwZj0lMkZhcHBzJTJGNjc4OTkxMzE4NiUyRmRpc3RyaWJ1dGlvbiIsInBsdWdpbnMiOiJ3c20md250JmNhJnZzJmFibiZhYm5fc2hhZG93JnVhJmNiIiwiZGF0YSI6eyJkYXRhIjpbeyJwbHVnaW4iOiJ3c20iLCJwYXJhbWV0ZXJzIjoie1wicmVmZXJyZXJcIjpcImh0dHBzOi8vYXBwc3RvcmVjb25uZWN0LmFwcGxlLmNvbS9sb2dpbj90YXJnZXRVcmw9JTJGYXBwcyUyRjY3ODk5MTMxODYlMkZkaXN0cmlidXRpb24mYXV0aFJlc3VsdD1GQUlMRURcIixcInN0dWJJZFwiOlwiXCJ9In0seyJwbHVnaW4iOiJ3bnQiLCJwYXJhbWV0ZXJzIjoie1wicmVmZXJyZXJcIjpcImh0dHBzOi8vYXBwc3RvcmVjb25uZWN0LmFwcGxlLmNvbS9sb2dpbj90YXJnZXRVcmw9JTJGYXBwcyUyRjY3ODk5MTMxODYlMkZkaXN0cmlidXRpb24mYXV0aFJlc3VsdD1GQUlMRURcIn0ifSx7InBsdWdpbiI6ImFibiIsInBhcmFtZXRlcnMiOiJ7XCJpc0Nzc1VybEluamVjdGVkXCI6ZmFsc2V9In0seyJwbHVnaW4iOiJhYm5fc2hhZG93IiwicGFyYW1ldGVycyI6IntcImlzQ3NzVXJsSW5qZWN0ZWRcIjpmYWxzZX0ifSx7InBsdWdpbiI6InVhIiwicGFyYW1ldGVycyI6Int9In1dfSwiaXNUb3BMZXZlbCI6dHJ1ZSwicGFnZVN0YXJ0VGltZSI6MTc4NDMxMTA5ODM4MywibmF2aWdhdGlvblN0YXJ0VGltZSI6MTc4NDMxMTA5Nzc3N30%3D&nocache=124ce&tm=2026-07-17T18%3A05%3A27.289Z&second=true:0
[ 1281148ms] [ERROR] Failed to load resource: net::ERR_FAILED @ https://gc.kis.v2.scr.kaspersky-labs.com/7D8B79A2-8974-4D7B-A76A-F4F29624C06BG5487kpCaKyXh30zVMo2ZR5xlPz6lCiNsq-jZuvHziQd5jgcZu1bB7dvATksEYnEAPWTh7jAqS4fj3Eor5kbuw/init?data=eyJ1cmwiOiJodHRwczovL2FwcHN0b3JlY29ubmVjdC5hcHBsZS5jb20vP2F1dGhSZXN1bHQ9RkFJTEVEJnJwZj0lMkZhcHBzJTJGNjc4OTkxMzE4NiUyRmRpc3RyaWJ1dGlvbiIsInBsdWdpbnMiOiJ3c20md250JmNhJnZzJmFibiZhYm5fc2hhZG93JnVhJmNiIiwiZGF0YSI6eyJkYXRhIjpbeyJwbHVnaW4iOiJ3c20iLCJwYXJhbWV0ZXJzIjoie1wicmVmZXJyZXJcIjpcImh0dHBzOi8vYXBwc3RvcmVjb25uZWN0LmFwcGxlLmNvbS9sb2dpbj90YXJnZXRVcmw9JTJGYXBwcyUyRjY3ODk5MTMxODYlMkZkaXN0cmlidXRpb24mYXV0aFJlc3VsdD1GQUlMRURcIixcInN0dWJJZFwiOlwiXCJ9In0seyJwbHVnaW4iOiJ3bnQiLCJwYXJhbWV0ZXJzIjoie1wicmVmZXJyZXJcIjpcImh0dHBzOi8vYXBwc3RvcmVjb25uZWN0LmFwcGxlLmNvbS9sb2dpbj90YXJnZXRVcmw9JTJGYXBwcyUyRjY3ODk5MTMxODYlMkZkaXN0cmlidXRpb24mYXV0aFJlc3VsdD1GQUlMRURcIn0ifSx7InBsdWdpbiI6ImFibiIsInBhcmFtZXRlcnMiOiJ7XCJpc0Nzc1VybEluamVjdGVkXCI6ZmFsc2V9In0seyJwbHVnaW4iOiJhYm5fc2hhZG93IiwicGFyYW1ldGVycyI6IntcImlzQ3NzVXJsSW5qZWN0ZWRcIjpmYWxzZX0ifSx7InBsdWdpbiI6InVhIiwicGFyYW1ldGVycyI6Int9In1dfSwiaXNUb3BMZXZlbCI6dHJ1ZSwicGFnZVN0YXJ0VGltZSI6MTc4NDMxMTA5ODM4MywibmF2aWdhdGlvblN0YXJ0VGltZSI6MTc4NDMxMTA5Nzc3N30%3D&nocache=18a08&tm=2026-07-17T18%3A07%3A27.268Z:0
[ 1281157ms] [ERROR] Failed to load resource: net::ERR_FAILED @ https://gc.kis.v2.scr.kaspersky-labs.com/7D8B79A2-8974-4D7B-A76A-F4F29624C06BG5487kpCaKyXh30zVMo2ZR5xlPz6lCiNsq-jZuvHziQd5jgcZu1bB7dvATksEYnEAPWTh7jAqS4fj3Eor5kbuw/init?data=eyJ1cmwiOiJodHRwczovL2FwcHN0b3JlY29ubmVjdC5hcHBsZS5jb20vP2F1dGhSZXN1bHQ9RkFJTEVEJnJwZj0lMkZhcHBzJTJGNjc4OTkxMzE4NiUyRmRpc3RyaWJ1dGlvbiIsInBsdWdpbnMiOiJ3c20md250JmNhJnZzJmFibiZhYm5fc2hhZG93JnVhJmNiIiwiZGF0YSI6eyJkYXRhIjpbeyJwbHVnaW4iOiJ3c20iLCJwYXJhbWV0ZXJzIjoie1wicmVmZXJyZXJcIjpcImh0dHBzOi8vYXBwc3RvcmVjb25uZWN0LmFwcGxlLmNvbS9sb2dpbj90YXJnZXRVcmw9JTJGYXBwcyUyRjY3ODk5MTMxODYlMkZkaXN0cmlidXRpb24mYXV0aFJlc3VsdD1GQUlMRURcIixcInN0dWJJZFwiOlwiXCJ9In0seyJwbHVnaW4iOiJ3bnQiLCJwYXJhbWV0ZXJzIjoie1wicmVmZXJyZXJcIjpcImh0dHBzOi8vYXBwc3RvcmVjb25uZWN0LmFwcGxlLmNvbS9sb2dpbj90YXJnZXRVcmw9JTJGYXBwcyUyRjY3ODk5MTMxODYlMkZkaXN0cmlidXRpb24mYXV0aFJlc3VsdD1GQUlMRURcIn0ifSx7InBsdWdpbiI6ImFibiIsInBhcmFtZXRlcnMiOiJ7XCJpc0Nzc1VybEluamVjdGVkXCI6ZmFsc2V9In0seyJwbHVnaW4iOiJhYm5fc2hhZG93IiwicGFyYW1ldGVycyI6IntcImlzQ3NzVXJsSW5qZWN0ZWRcIjpmYWxzZX0ifSx7InBsdWdpbiI6InVhIiwicGFyYW1ldGVycyI6Int9In1dfSwiaXNUb3BMZXZlbCI6dHJ1ZSwicGFnZVN0YXJ0VGltZSI6MTc4NDMxMTA5ODM4MywibmF2aWdhdGlvblN0YXJ0VGltZSI6MTc4NDMxMTA5Nzc3N30%3D&nocache=18f6a&tm=2026-07-17T18%3A07%3A27.290Z&second=true:0
